<<<<<<< HEAD
2025-07-09 15:13:11,344 - ERROR - Modbus connection failed sensor reader loop
2025-07-09 15:13:16,345 - ERROR - Modbus connection failed sensor reader loop
2025-07-09 15:13:21,345 - ERROR - Modbus connection failed sensor reader loop
2025-07-09 15:13:26,346 - ERROR - Modbus connection failed sensor reader loop
2025-07-09 15:13:31,354 - ERROR - Modbus connection failed sensor reader loop
2025-07-09 15:13:36,361 - ERROR - Modbus connection failed sensor reader loop
2025-07-09 15:13:41,366 - ERROR - Modbus connection failed sensor reader loop
2025-07-09 15:13:46,373 - ERROR - Modbus connection failed sensor reader loop
2025-07-09 15:13:51,374 - ERROR - Modbus connection failed sensor reader loop
2025-07-09 15:13:56,374 - ERROR - Modbus connection failed sensor reader loop
2025-07-09 15:14:01,383 - ERROR - Modbus connection failed sensor reader loop
2025-07-09 15:14:06,383 - ERROR - Modbus connection failed sensor reader loop
2025-07-09 15:14:11,393 - ERROR - Modbus connection failed sensor reader loop
2025-07-09 15:14:16,393 - ERROR - Modbus connection failed sensor reader loop
2025-07-09 15:14:21,394 - ERROR - Modbus connection failed sensor reader loop
2025-07-09 15:14:26,396 - ERROR - Modbus connection failed sensor reader loop
2025-07-09 15:14:31,400 - ERROR - Modbus connection failed sensor reader loop
2025-07-09 15:14:36,404 - ERROR - Modbus connection failed sensor reader loop
2025-07-09 15:14:39,722 - INFO - Shutting down weather station system
2025-07-09 15:58:37,790 - INFO - Weather Station System Initialized
2025-07-09 15:58:38,132 - ERROR - Modbus connection failed in init_modbus
2025-07-09 15:58:38,133 - ERROR - Modbus connection failed sensor reader loop
2025-07-09 15:58:40,737 - INFO - Shutting down weather station system
2025-07-09 20:44:29,577 - INFO - Weather Station System Initialized
2025-07-09 20:44:29,921 - ERROR - Modbus connection failed in init_modbus
2025-07-09 20:44:29,922 - ERROR - Modbus connection failed sensor reader loop
2025-07-09 20:44:34,766 - INFO - Shutting down weather station system
2025-07-09 22:10:51,751 - INFO - Weather Station System Initialized
2025-07-09 22:10:52,094 - ERROR - Modbus connection failed in init_modbus
2025-07-09 22:10:52,094 - ERROR - Modbus connection failed sensor reader loop
2025-07-09 22:10:56,552 - INFO - Shutting down weather station system
=======
2025-07-09 08:40:06,425 - INFO - Weather Station System Initialized
2025-07-09 08:40:06,814 - ERROR - Modbus connection failed in init_modbus
2025-07-09 08:40:06,815 - ERROR - Modbus connection failed sensor reader loop
2025-07-09 08:40:11,815 - ERROR - Modbus connection failed sensor reader loop
2025-07-09 08:40:15,381 - INFO - Shutting down weather station system
>>>>>>> dccbb76 (code update)
