2025-07-11 01:00:12,935 - INFO - Weather Station System Initialized
2025-07-11 01:00:20,769 - ERROR - Modbus connection failed
2025-07-11 01:00:20,770 - INFO - CSV writer thread started. Output directory: /home/asif/Desktop/unified_creek_awos/csv_data
2025-07-11 01:00:20,770 - ERROR - Error updating display: 'day'
2025-07-11 01:00:20,775 - INFO - Switched to GUI-2 (Next toggle in 5s
2025-07-11 01:00:25,776 - INFO - Switched to GUI-1 (Next toggle in 10s
2025-07-11 01:00:35,785 - INFO - Switched to GUI-2 (Next toggle in 5s
2025-07-11 01:00:40,786 - INFO - Switched to GUI-1 (Next toggle in 10s
2025-07-11 01:00:50,777 - INFO - CSV write completed at 2025-07-11T01:00:50.777765
2025-07-11 01:00:50,786 - INFO - Switched to GUI-2 (Next toggle in 5s
2025-07-11 01:00:55,786 - INFO - Switched to GUI-1 (Next toggle in 10s
2025-07-11 01:00:59,352 - INFO - Shutting down weather station system
2025-07-11 01:01:00,772 - INFO - Cleanup completed, exiting application
2025-07-11 01:01:26,334 - INFO - Weather Station System Initialized
2025-07-11 01:01:34,769 - INFO - CSV writer thread started. Output directory: /home/asif/Desktop/unified_creek_awos/csv_data
2025-07-11 01:01:34,770 - ERROR - Error updating display: 'day'
2025-07-11 01:01:35,687 - INFO - Switched to GUI-2 (Next toggle in 5s
2025-07-11 01:01:40,688 - INFO - Switched to GUI-1 (Next toggle in 10s
2025-07-11 01:01:50,688 - INFO - Switched to GUI-2 (Next toggle in 5s
2025-07-11 01:01:55,688 - INFO - Switched to GUI-1 (Next toggle in 10s
2025-07-11 01:02:05,354 - INFO - CSV write completed at 2025-07-11T01:02:05.354570
2025-07-11 01:02:05,689 - INFO - Switched to GUI-2 (Next toggle in 5s
2025-07-11 01:02:10,689 - INFO - Switched to GUI-1 (Next toggle in 10s
2025-07-11 01:02:20,689 - INFO - Switched to GUI-2 (Next toggle in 5s
2025-07-11 01:02:25,690 - INFO - Switched to GUI-1 (Next toggle in 10s
2025-07-11 01:02:35,357 - INFO - CSV write completed at 2025-07-11T01:02:35.357357
2025-07-11 01:02:35,690 - INFO - Switched to GUI-2 (Next toggle in 5s
2025-07-11 01:02:40,690 - INFO - Switched to GUI-1 (Next toggle in 10s
2025-07-11 01:02:50,691 - INFO - Switched to GUI-2 (Next toggle in 5s
2025-07-11 01:02:55,691 - INFO - Switched to GUI-1 (Next toggle in 10s
2025-07-11 01:03:05,363 - INFO - CSV write completed at 2025-07-11T01:03:05.363727
2025-07-11 01:03:05,698 - INFO - Switched to GUI-2 (Next toggle in 5s
2025-07-11 01:03:10,698 - INFO - Switched to GUI-1 (Next toggle in 10s
2025-07-11 01:03:20,706 - INFO - Switched to GUI-2 (Next toggle in 5s
2025-07-11 01:03:25,707 - INFO - Switched to GUI-1 (Next toggle in 10s
2025-07-11 01:03:35,367 - INFO - CSV write completed at 2025-07-11T01:03:35.367190
2025-07-11 01:03:35,707 - INFO - Switched to GUI-2 (Next toggle in 5s
2025-07-11 01:03:40,708 - INFO - Switched to GUI-1 (Next toggle in 10s
2025-07-11 01:03:50,717 - INFO - Switched to GUI-2 (Next toggle in 5s
2025-07-11 01:03:55,717 - INFO - Switched to GUI-1 (Next toggle in 10s
2025-07-11 01:04:05,372 - INFO - CSV write completed at 2025-07-11T01:04:05.372728
2025-07-11 01:04:05,717 - INFO - Switched to GUI-2 (Next toggle in 5s
2025-07-11 01:04:10,718 - INFO - Switched to GUI-1 (Next toggle in 10s
2025-07-11 01:04:20,718 - INFO - Switched to GUI-2 (Next toggle in 5s
2025-07-11 01:04:25,718 - INFO - Switched to GUI-1 (Next toggle in 10s
2025-07-11 01:04:30,727 - ERROR - UV sensor error: [Errno 5] Input/output error
2025-07-11 01:04:30,774 - ERROR - Wind speed error: [Errno 5] Input/output error
2025-07-11 01:04:30,774 - ERROR - Wind direction error: [Errno 5] Input/output error
2025-07-11 01:04:30,774 - ERROR - Rainfall sensor error: [Errno 5] Input/output error
2025-07-11 01:04:31,774 - ERROR - Environment sensor error: [Errno 5] Input/output error
2025-07-11 01:04:31,774 - ERROR - UV sensor error: [Errno 5] Input/output error
2025-07-11 01:04:31,819 - ERROR - Wind speed error: [Errno 5] Input/output error
2025-07-11 01:04:31,820 - ERROR - Wind direction error: [Errno 5] Input/output error
2025-07-11 01:04:31,820 - ERROR - Rainfall sensor error: [Errno 5] Input/output error
2025-07-11 01:04:32,820 - ERROR - Environment sensor error: [Errno 5] Input/output error
2025-07-11 01:04:32,820 - ERROR - UV sensor error: [Errno 5] Input/output error
2025-07-11 01:04:32,865 - ERROR - Wind speed error: [Errno 5] Input/output error
2025-07-11 01:04:32,865 - ERROR - Wind direction error: [Errno 5] Input/output error
2025-07-11 01:04:32,865 - ERROR - Rainfall sensor error: [Errno 5] Input/output error
2025-07-11 01:04:33,865 - ERROR - Environment sensor error: [Errno 5] Input/output error
2025-07-11 01:04:33,865 - ERROR - UV sensor error: [Errno 5] Input/output error
2025-07-11 01:04:33,910 - ERROR - Wind speed error: [Errno 5] Input/output error
2025-07-11 01:04:33,910 - ERROR - Wind direction error: [Errno 5] Input/output error
2025-07-11 01:04:33,910 - ERROR - Rainfall sensor error: [Errno 5] Input/output error
2025-07-11 01:04:34,910 - ERROR - Environment sensor error: [Errno 5] Input/output error
2025-07-11 01:04:34,910 - ERROR - UV sensor error: [Errno 5] Input/output error
2025-07-11 01:04:34,955 - ERROR - Wind speed error: [Errno 5] Input/output error
2025-07-11 01:04:34,955 - ERROR - Wind direction error: [Errno 5] Input/output error
2025-07-11 01:04:34,955 - ERROR - Rainfall sensor error: [Errno 5] Input/output error
2025-07-11 01:04:35,408 - INFO - CSV write completed at 2025-07-11T01:04:35.408874
2025-07-11 01:04:35,719 - INFO - Switched to GUI-2 (Next toggle in 5s
2025-07-11 01:04:35,955 - ERROR - Environment sensor error: [Errno 5] Input/output error
2025-07-11 01:04:35,955 - ERROR - UV sensor error: [Errno 5] Input/output error
2025-07-11 01:04:36,025 - ERROR - Wind speed error: [Errno 5] Input/output error
2025-07-11 01:04:36,025 - ERROR - Wind direction error: [Errno 5] Input/output error
2025-07-11 01:04:36,025 - ERROR - Rainfall sensor error: [Errno 5] Input/output error
2025-07-11 01:04:37,026 - ERROR - Environment sensor error: [Errno 5] Input/output error
2025-07-11 01:04:37,026 - ERROR - UV sensor error: [Errno 5] Input/output error
2025-07-11 01:04:37,090 - ERROR - Wind speed error: [Errno 5] Input/output error
2025-07-11 01:04:37,090 - ERROR - Wind direction error: [Errno 5] Input/output error
2025-07-11 01:04:37,090 - ERROR - Rainfall sensor error: [Errno 5] Input/output error
2025-07-11 01:04:38,090 - ERROR - Environment sensor error: [Errno 5] Input/output error
2025-07-11 01:04:38,090 - ERROR - UV sensor error: [Errno 5] Input/output error
2025-07-11 01:04:38,161 - ERROR - Wind speed error: [Errno 5] Input/output error
2025-07-11 01:04:38,161 - ERROR - Wind direction error: [Errno 5] Input/output error
2025-07-11 01:04:38,161 - ERROR - Rainfall sensor error: [Errno 5] Input/output error
2025-07-11 01:04:39,161 - ERROR - Environment sensor error: [Errno 5] Input/output error
2025-07-11 01:04:39,161 - ERROR - UV sensor error: [Errno 5] Input/output error
2025-07-11 01:04:39,206 - ERROR - Wind speed error: [Errno 5] Input/output error
2025-07-11 01:04:39,206 - ERROR - Wind direction error: [Errno 5] Input/output error
2025-07-11 01:04:39,206 - ERROR - Rainfall sensor error: [Errno 5] Input/output error
2025-07-11 01:04:40,206 - ERROR - Environment sensor error: [Errno 5] Input/output error
2025-07-11 01:04:40,206 - ERROR - UV sensor error: [Errno 5] Input/output error
2025-07-11 01:04:40,252 - ERROR - Wind speed error: [Errno 5] Input/output error
2025-07-11 01:04:40,252 - ERROR - Wind direction error: [Errno 5] Input/output error
2025-07-11 01:04:40,252 - ERROR - Rainfall sensor error: [Errno 5] Input/output error
2025-07-11 01:04:40,719 - INFO - Switched to GUI-1 (Next toggle in 10s
2025-07-11 01:04:41,253 - ERROR - Environment sensor error: [Errno 5] Input/output error
2025-07-11 01:04:41,253 - ERROR - UV sensor error: [Errno 5] Input/output error
2025-07-11 01:04:41,298 - ERROR - Wind speed error: [Errno 5] Input/output error
2025-07-11 01:04:41,298 - ERROR - Wind direction error: [Errno 5] Input/output error
2025-07-11 01:04:41,298 - ERROR - Rainfall sensor error: [Errno 5] Input/output error
2025-07-11 01:04:42,298 - ERROR - Environment sensor error: [Errno 5] Input/output error
2025-07-11 01:04:42,298 - ERROR - UV sensor error: [Errno 5] Input/output error
2025-07-11 01:04:42,343 - ERROR - Wind speed error: [Errno 5] Input/output error
2025-07-11 01:04:42,343 - ERROR - Wind direction error: [Errno 5] Input/output error
2025-07-11 01:04:42,343 - ERROR - Rainfall sensor error: [Errno 5] Input/output error
2025-07-11 01:04:43,343 - ERROR - Environment sensor error: [Errno 5] Input/output error
2025-07-11 01:04:43,343 - ERROR - UV sensor error: [Errno 5] Input/output error
2025-07-11 01:04:43,406 - ERROR - Wind speed error: [Errno 5] Input/output error
2025-07-11 01:04:43,406 - ERROR - Wind direction error: [Errno 5] Input/output error
2025-07-11 01:04:43,406 - ERROR - Rainfall sensor error: [Errno 5] Input/output error
2025-07-11 01:04:44,406 - ERROR - Environment sensor error: [Errno 5] Input/output error
2025-07-11 01:04:44,406 - ERROR - UV sensor error: [Errno 5] Input/output error
2025-07-11 01:04:44,451 - ERROR - Wind speed error: [Errno 5] Input/output error
2025-07-11 01:04:44,452 - ERROR - Wind direction error: [Errno 5] Input/output error
2025-07-11 01:04:44,452 - ERROR - Rainfall sensor error: [Errno 5] Input/output error
2025-07-11 01:04:45,452 - ERROR - Environment sensor error: [Errno 5] Input/output error
2025-07-11 01:04:45,452 - ERROR - UV sensor error: [Errno 5] Input/output error
2025-07-11 01:04:45,497 - ERROR - Wind speed error: [Errno 5] Input/output error
2025-07-11 01:04:45,497 - ERROR - Wind direction error: [Errno 5] Input/output error
2025-07-11 01:04:45,497 - ERROR - Rainfall sensor error: [Errno 5] Input/output error
2025-07-11 01:04:46,497 - ERROR - Environment sensor error: [Errno 5] Input/output error
2025-07-11 01:04:46,497 - ERROR - UV sensor error: [Errno 5] Input/output error
2025-07-11 01:04:46,550 - ERROR - Wind speed error: [Errno 5] Input/output error
2025-07-11 01:04:46,551 - ERROR - Wind direction error: [Errno 5] Input/output error
2025-07-11 01:04:46,551 - ERROR - Rainfall sensor error: [Errno 5] Input/output error
2025-07-11 01:04:47,551 - ERROR - Environment sensor error: [Errno 5] Input/output error
2025-07-11 01:04:47,551 - ERROR - UV sensor error: [Errno 5] Input/output error
2025-07-11 01:04:47,596 - ERROR - Wind speed error: [Errno 5] Input/output error
2025-07-11 01:04:47,596 - ERROR - Wind direction error: [Errno 5] Input/output error
2025-07-11 01:04:47,596 - ERROR - Rainfall sensor error: [Errno 5] Input/output error
2025-07-11 01:04:48,596 - ERROR - Environment sensor error: [Errno 5] Input/output error
2025-07-11 01:04:48,596 - ERROR - UV sensor error: [Errno 5] Input/output error
2025-07-11 01:04:48,661 - ERROR - Wind speed error: [Errno 5] Input/output error
2025-07-11 01:04:48,661 - ERROR - Wind direction error: [Errno 5] Input/output error
2025-07-11 01:04:48,661 - ERROR - Rainfall sensor error: [Errno 5] Input/output error
2025-07-11 01:04:49,661 - ERROR - Environment sensor error: [Errno 5] Input/output error
2025-07-11 01:04:49,662 - ERROR - UV sensor error: [Errno 5] Input/output error
2025-07-11 01:04:49,732 - ERROR - Wind speed error: [Errno 5] Input/output error
2025-07-11 01:04:49,732 - ERROR - Wind direction error: [Errno 5] Input/output error
2025-07-11 01:04:49,733 - ERROR - Rainfall sensor error: [Errno 5] Input/output error
2025-07-11 01:04:50,719 - INFO - Switched to GUI-2 (Next toggle in 5s
2025-07-11 01:04:50,735 - ERROR - Environment sensor error: [Errno 5] Input/output error
2025-07-11 01:04:50,736 - ERROR - UV sensor error: [Errno 5] Input/output error
2025-07-11 01:04:50,788 - ERROR - Wind speed error: [Errno 5] Input/output error
2025-07-11 01:04:50,788 - ERROR - Wind direction error: [Errno 5] Input/output error
2025-07-11 01:04:50,788 - ERROR - Rainfall sensor error: [Errno 5] Input/output error
2025-07-11 01:04:51,788 - ERROR - Environment sensor error: [Errno 5] Input/output error
2025-07-11 01:04:51,788 - ERROR - UV sensor error: [Errno 5] Input/output error
2025-07-11 01:04:51,839 - ERROR - Wind speed error: [Errno 5] Input/output error
2025-07-11 01:04:51,839 - ERROR - Wind direction error: [Errno 5] Input/output error
2025-07-11 01:04:51,839 - ERROR - Rainfall sensor error: [Errno 5] Input/output error
2025-07-11 01:04:52,839 - ERROR - Environment sensor error: [Errno 5] Input/output error
2025-07-11 01:04:52,839 - ERROR - UV sensor error: [Errno 5] Input/output error
2025-07-11 01:04:52,884 - ERROR - Wind speed error: [Errno 5] Input/output error
2025-07-11 01:04:52,884 - ERROR - Wind direction error: [Errno 5] Input/output error
2025-07-11 01:04:52,884 - ERROR - Rainfall sensor error: [Errno 5] Input/output error
2025-07-11 01:04:53,886 - ERROR - Environment sensor error: [Errno 5] Input/output error
2025-07-11 01:04:53,886 - ERROR - UV sensor error: [Errno 5] Input/output error
2025-07-11 01:04:53,935 - ERROR - Wind speed error: [Errno 5] Input/output error
2025-07-11 01:04:53,936 - ERROR - Wind direction error: [Errno 5] Input/output error
2025-07-11 01:04:53,936 - ERROR - Rainfall sensor error: [Errno 5] Input/output error
2025-07-11 01:04:54,936 - ERROR - Environment sensor error: [Errno 5] Input/output error
2025-07-11 01:04:54,936 - ERROR - UV sensor error: [Errno 5] Input/output error
2025-07-11 01:04:54,981 - ERROR - Wind speed error: [Errno 5] Input/output error
2025-07-11 01:04:54,981 - ERROR - Wind direction error: [Errno 5] Input/output error
2025-07-11 01:04:54,981 - ERROR - Rainfall sensor error: [Errno 5] Input/output error
2025-07-11 01:04:55,720 - INFO - Switched to GUI-1 (Next toggle in 10s
2025-07-11 01:04:55,981 - ERROR - Environment sensor error: [Errno 5] Input/output error
2025-07-11 01:04:55,981 - ERROR - UV sensor error: [Errno 5] Input/output error
2025-07-11 01:04:56,026 - ERROR - Wind speed error: [Errno 5] Input/output error
2025-07-11 01:04:56,027 - ERROR - Wind direction error: [Errno 5] Input/output error
2025-07-11 01:04:56,027 - ERROR - Rainfall sensor error: [Errno 5] Input/output error
2025-07-11 01:04:57,027 - ERROR - Environment sensor error: [Errno 5] Input/output error
2025-07-11 01:04:57,027 - ERROR - UV sensor error: [Errno 5] Input/output error
2025-07-11 01:04:57,072 - ERROR - Wind speed error: [Errno 5] Input/output error
2025-07-11 01:04:57,072 - ERROR - Wind direction error: [Errno 5] Input/output error
2025-07-11 01:04:57,072 - ERROR - Rainfall sensor error: [Errno 5] Input/output error
2025-07-11 01:04:58,072 - ERROR - Environment sensor error: [Errno 5] Input/output error
2025-07-11 01:04:58,072 - ERROR - UV sensor error: [Errno 5] Input/output error
2025-07-11 01:04:58,117 - ERROR - Wind speed error: [Errno 5] Input/output error
2025-07-11 01:04:58,117 - ERROR - Wind direction error: [Errno 5] Input/output error
2025-07-11 01:04:58,117 - ERROR - Rainfall sensor error: [Errno 5] Input/output error
2025-07-11 01:04:59,117 - ERROR - Environment sensor error: [Errno 5] Input/output error
2025-07-11 01:04:59,117 - ERROR - UV sensor error: [Errno 5] Input/output error
2025-07-11 01:04:59,162 - ERROR - Wind speed error: [Errno 5] Input/output error
2025-07-11 01:04:59,163 - ERROR - Wind direction error: [Errno 5] Input/output error
2025-07-11 01:04:59,163 - ERROR - Rainfall sensor error: [Errno 5] Input/output error
2025-07-11 01:05:00,163 - ERROR - Environment sensor error: [Errno 5] Input/output error
2025-07-11 01:05:00,163 - ERROR - UV sensor error: [Errno 5] Input/output error
2025-07-11 01:05:00,233 - ERROR - Wind speed error: [Errno 5] Input/output error
2025-07-11 01:05:00,233 - ERROR - Wind direction error: [Errno 5] Input/output error
2025-07-11 01:05:00,233 - ERROR - Rainfall sensor error: [Errno 5] Input/output error
2025-07-11 01:05:01,233 - ERROR - Environment sensor error: [Errno 5] Input/output error
2025-07-11 01:05:01,234 - ERROR - UV sensor error: [Errno 5] Input/output error
2025-07-11 01:05:01,278 - ERROR - Wind speed error: [Errno 5] Input/output error
2025-07-11 01:05:01,278 - ERROR - Wind direction error: [Errno 5] Input/output error
2025-07-11 01:05:01,278 - ERROR - Rainfall sensor error: [Errno 5] Input/output error
2025-07-11 01:05:02,279 - ERROR - Environment sensor error: [Errno 5] Input/output error
2025-07-11 01:05:02,279 - ERROR - UV sensor error: [Errno 5] Input/output error
2025-07-11 01:05:02,324 - ERROR - Wind speed error: [Errno 5] Input/output error
2025-07-11 01:05:02,324 - ERROR - Wind direction error: [Errno 5] Input/output error
2025-07-11 01:05:02,324 - ERROR - Rainfall sensor error: [Errno 5] Input/output error
2025-07-11 01:05:03,324 - ERROR - Environment sensor error: [Errno 5] Input/output error
2025-07-11 01:05:03,324 - ERROR - UV sensor error: [Errno 5] Input/output error
2025-07-11 01:05:03,369 - ERROR - Wind speed error: [Errno 5] Input/output error
2025-07-11 01:05:03,369 - ERROR - Wind direction error: [Errno 5] Input/output error
2025-07-11 01:05:03,369 - ERROR - Rainfall sensor error: [Errno 5] Input/output error
2025-07-11 01:05:04,369 - ERROR - Environment sensor error: [Errno 5] Input/output error
2025-07-11 01:05:04,369 - ERROR - UV sensor error: [Errno 5] Input/output error
2025-07-11 01:05:04,414 - ERROR - Wind speed error: [Errno 5] Input/output error
2025-07-11 01:05:04,414 - ERROR - Wind direction error: [Errno 5] Input/output error
2025-07-11 01:05:04,414 - ERROR - Rainfall sensor error: [Errno 5] Input/output error
2025-07-11 01:05:05,414 - ERROR - Environment sensor error: [Errno 5] Input/output error
2025-07-11 01:05:05,415 - ERROR - UV sensor error: [Errno 5] Input/output error
2025-07-11 01:05:05,415 - INFO - CSV write completed at 2025-07-11T01:05:05.415188
2025-07-11 01:05:05,485 - ERROR - Wind speed error: [Errno 5] Input/output error
2025-07-11 01:05:05,486 - ERROR - Wind direction error: [Errno 5] Input/output error
2025-07-11 01:05:05,486 - ERROR - Rainfall sensor error: [Errno 5] Input/output error
2025-07-11 01:05:05,720 - INFO - Switched to GUI-2 (Next toggle in 5s
2025-07-11 01:05:06,486 - ERROR - Environment sensor error: [Errno 5] Input/output error
2025-07-11 01:05:06,486 - ERROR - UV sensor error: [Errno 5] Input/output error
2025-07-11 01:05:06,531 - ERROR - Wind speed error: [Errno 5] Input/output error
2025-07-11 01:05:06,531 - ERROR - Wind direction error: [Errno 5] Input/output error
2025-07-11 01:05:06,531 - ERROR - Rainfall sensor error: [Errno 5] Input/output error
2025-07-11 01:05:07,532 - ERROR - Environment sensor error: [Errno 5] Input/output error
2025-07-11 01:05:07,532 - ERROR - UV sensor error: [Errno 5] Input/output error
2025-07-11 01:05:07,577 - ERROR - Wind speed error: [Errno 5] Input/output error
2025-07-11 01:05:07,577 - ERROR - Wind direction error: [Errno 5] Input/output error
2025-07-11 01:05:07,577 - ERROR - Rainfall sensor error: [Errno 5] Input/output error
2025-07-11 01:05:08,577 - ERROR - Environment sensor error: [Errno 5] Input/output error
2025-07-11 01:05:08,578 - ERROR - UV sensor error: [Errno 5] Input/output error
2025-07-11 01:05:08,623 - ERROR - Wind speed error: [Errno 5] Input/output error
2025-07-11 01:05:08,623 - ERROR - Wind direction error: [Errno 5] Input/output error
2025-07-11 01:05:08,623 - ERROR - Rainfall sensor error: [Errno 5] Input/output error
2025-07-11 01:05:09,623 - ERROR - Environment sensor error: [Errno 5] Input/output error
2025-07-11 01:05:09,623 - ERROR - UV sensor error: [Errno 5] Input/output error
2025-07-11 01:05:09,669 - ERROR - Wind speed error: [Errno 5] Input/output error
2025-07-11 01:05:09,669 - ERROR - Wind direction error: [Errno 5] Input/output error
2025-07-11 01:05:09,669 - ERROR - Rainfall sensor error: [Errno 5] Input/output error
2025-07-11 01:05:10,670 - ERROR - Environment sensor error: [Errno 5] Input/output error
2025-07-11 01:05:10,670 - ERROR - UV sensor error: [Errno 5] Input/output error
2025-07-11 01:05:10,730 - INFO - Switched to GUI-1 (Next toggle in 10s
2025-07-11 01:05:10,731 - ERROR - Wind speed error: [Errno 5] Input/output error
2025-07-11 01:05:10,731 - ERROR - Wind direction error: [Errno 5] Input/output error
2025-07-11 01:05:10,731 - ERROR - Rainfall sensor error: [Errno 5] Input/output error
2025-07-11 01:05:11,731 - ERROR - Environment sensor error: [Errno 5] Input/output error
2025-07-11 01:05:11,731 - ERROR - UV sensor error: [Errno 5] Input/output error
2025-07-11 01:05:11,777 - ERROR - Wind speed error: [Errno 5] Input/output error
2025-07-11 01:05:11,777 - ERROR - Wind direction error: [Errno 5] Input/output error
2025-07-11 01:05:11,777 - ERROR - Rainfall sensor error: [Errno 5] Input/output error
2025-07-11 01:05:12,778 - ERROR - Environment sensor error: [Errno 5] Input/output error
2025-07-11 01:05:12,778 - ERROR - UV sensor error: [Errno 5] Input/output error
2025-07-11 01:05:12,823 - ERROR - Wind speed error: [Errno 5] Input/output error
2025-07-11 01:05:12,823 - ERROR - Wind direction error: [Errno 5] Input/output error
2025-07-11 01:05:12,823 - ERROR - Rainfall sensor error: [Errno 5] Input/output error
2025-07-11 01:05:13,824 - ERROR - Environment sensor error: [Errno 5] Input/output error
2025-07-11 01:05:13,824 - ERROR - UV sensor error: [Errno 5] Input/output error
2025-07-11 01:05:13,869 - ERROR - Wind speed error: [Errno 5] Input/output error
2025-07-11 01:05:13,870 - ERROR - Wind direction error: [Errno 5] Input/output error
2025-07-11 01:05:13,870 - ERROR - Rainfall sensor error: [Errno 5] Input/output error
2025-07-11 01:05:14,870 - ERROR - Environment sensor error: [Errno 5] Input/output error
2025-07-11 01:05:14,870 - ERROR - UV sensor error: [Errno 5] Input/output error
2025-07-11 01:05:14,915 - ERROR - Wind speed error: [Errno 5] Input/output error
2025-07-11 01:05:14,915 - ERROR - Wind direction error: [Errno 5] Input/output error
2025-07-11 01:05:14,915 - ERROR - Rainfall sensor error: [Errno 5] Input/output error
2025-07-11 01:05:15,916 - ERROR - Environment sensor error: [Errno 5] Input/output error
2025-07-11 01:05:15,916 - ERROR - UV sensor error: [Errno 5] Input/output error
2025-07-11 01:05:15,984 - ERROR - Wind speed error: [Errno 5] Input/output error
2025-07-11 01:05:15,985 - ERROR - Wind direction error: [Errno 5] Input/output error
2025-07-11 01:05:15,985 - ERROR - Rainfall sensor error: [Errno 5] Input/output error
2025-07-11 01:05:16,985 - ERROR - Environment sensor error: [Errno 5] Input/output error
2025-07-11 01:05:16,985 - ERROR - UV sensor error: [Errno 5] Input/output error
2025-07-11 01:05:17,056 - ERROR - Wind speed error: [Errno 5] Input/output error
2025-07-11 01:05:17,056 - ERROR - Wind direction error: [Errno 5] Input/output error
2025-07-11 01:05:17,056 - ERROR - Rainfall sensor error: [Errno 5] Input/output error
2025-07-11 01:05:18,056 - ERROR - Environment sensor error: [Errno 5] Input/output error
2025-07-11 01:05:18,057 - ERROR - UV sensor error: [Errno 5] Input/output error
2025-07-11 01:05:18,111 - ERROR - Wind speed error: [Errno 5] Input/output error
2025-07-11 01:05:18,111 - ERROR - Wind direction error: [Errno 5] Input/output error
2025-07-11 01:05:18,112 - ERROR - Rainfall sensor error: [Errno 5] Input/output error
2025-07-11 01:05:19,112 - ERROR - Environment sensor error: [Errno 5] Input/output error
2025-07-11 01:05:19,112 - ERROR - UV sensor error: [Errno 5] Input/output error
2025-07-11 01:05:19,157 - ERROR - Wind speed error: [Errno 5] Input/output error
2025-07-11 01:05:19,157 - ERROR - Wind direction error: [Errno 5] Input/output error
2025-07-11 01:05:19,157 - ERROR - Rainfall sensor error: [Errno 5] Input/output error
2025-07-11 01:05:20,158 - ERROR - Environment sensor error: [Errno 5] Input/output error
2025-07-11 01:05:20,158 - ERROR - UV sensor error: [Errno 5] Input/output error
2025-07-11 01:05:20,203 - ERROR - Wind speed error: [Errno 5] Input/output error
2025-07-11 01:05:20,203 - ERROR - Wind direction error: [Errno 5] Input/output error
2025-07-11 01:05:20,203 - ERROR - Rainfall sensor error: [Errno 5] Input/output error
2025-07-11 01:05:20,730 - INFO - Switched to GUI-2 (Next toggle in 5s
2025-07-11 01:05:21,203 - ERROR - Environment sensor error: [Errno 5] Input/output error
2025-07-11 01:05:21,203 - ERROR - UV sensor error: [Errno 5] Input/output error
2025-07-11 01:05:21,249 - ERROR - Wind speed error: [Errno 5] Input/output error
2025-07-11 01:05:21,249 - ERROR - Wind direction error: [Errno 5] Input/output error
2025-07-11 01:05:21,249 - ERROR - Rainfall sensor error: [Errno 5] Input/output error
2025-07-11 01:05:22,250 - ERROR - Environment sensor error: [Errno 5] Input/output error
2025-07-11 01:05:22,250 - ERROR - UV sensor error: [Errno 5] Input/output error
2025-07-11 01:05:22,315 - ERROR - Wind speed error: [Errno 5] Input/output error
2025-07-11 01:05:22,315 - ERROR - Wind direction error: [Errno 5] Input/output error
2025-07-11 01:05:22,315 - ERROR - Rainfall sensor error: [Errno 5] Input/output error
2025-07-11 01:05:23,315 - ERROR - Environment sensor error: [Errno 5] Input/output error
2025-07-11 01:05:23,315 - ERROR - UV sensor error: [Errno 5] Input/output error
2025-07-11 01:05:23,386 - ERROR - Wind speed error: [Errno 5] Input/output error
2025-07-11 01:05:23,387 - ERROR - Wind direction error: [Errno 5] Input/output error
2025-07-11 01:05:23,387 - ERROR - Rainfall sensor error: [Errno 5] Input/output error
2025-07-11 01:05:24,387 - ERROR - Environment sensor error: [Errno 5] Input/output error
2025-07-11 01:05:24,387 - ERROR - UV sensor error: [Errno 5] Input/output error
2025-07-11 01:05:24,432 - ERROR - Wind speed error: [Errno 5] Input/output error
2025-07-11 01:05:24,432 - ERROR - Wind direction error: [Errno 5] Input/output error
2025-07-11 01:05:24,432 - ERROR - Rainfall sensor error: [Errno 5] Input/output error
2025-07-11 01:05:25,433 - ERROR - Environment sensor error: [Errno 5] Input/output error
2025-07-11 01:05:25,433 - ERROR - UV sensor error: [Errno 5] Input/output error
2025-07-11 01:05:25,478 - ERROR - Wind speed error: [Errno 5] Input/output error
2025-07-11 01:05:25,479 - ERROR - Wind direction error: [Errno 5] Input/output error
2025-07-11 01:05:25,479 - ERROR - Rainfall sensor error: [Errno 5] Input/output error
2025-07-11 01:05:25,731 - INFO - Switched to GUI-1 (Next toggle in 10s
2025-07-11 01:05:26,479 - ERROR - Environment sensor error: [Errno 5] Input/output error
2025-07-11 01:05:26,479 - ERROR - UV sensor error: [Errno 5] Input/output error
2025-07-11 01:05:26,524 - ERROR - Wind speed error: [Errno 5] Input/output error
2025-07-11 01:05:26,525 - ERROR - Wind direction error: [Errno 5] Input/output error
2025-07-11 01:05:26,525 - ERROR - Rainfall sensor error: [Errno 5] Input/output error
2025-07-11 01:05:27,525 - ERROR - Environment sensor error: [Errno 5] Input/output error
2025-07-11 01:05:27,525 - ERROR - UV sensor error: [Errno 5] Input/output error
2025-07-11 01:05:27,571 - ERROR - Wind speed error: [Errno 5] Input/output error
2025-07-11 01:05:27,571 - ERROR - Wind direction error: [Errno 5] Input/output error
2025-07-11 01:05:27,571 - ERROR - Rainfall sensor error: [Errno 5] Input/output error
2025-07-11 01:05:28,571 - ERROR - Environment sensor error: [Errno 5] Input/output error
2025-07-11 01:05:28,571 - ERROR - UV sensor error: [Errno 5] Input/output error
2025-07-11 01:05:28,642 - ERROR - Wind speed error: [Errno 5] Input/output error
2025-07-11 01:05:28,643 - ERROR - Wind direction error: [Errno 5] Input/output error
2025-07-11 01:05:28,643 - ERROR - Rainfall sensor error: [Errno 5] Input/output error
2025-07-11 01:05:29,643 - ERROR - Environment sensor error: [Errno 5] Input/output error
2025-07-11 01:05:29,643 - ERROR - UV sensor error: [Errno 5] Input/output error
2025-07-11 01:05:29,688 - ERROR - Wind speed error: [Errno 5] Input/output error
2025-07-11 01:05:29,688 - ERROR - Wind direction error: [Errno 5] Input/output error
2025-07-11 01:05:29,688 - ERROR - Rainfall sensor error: [Errno 5] Input/output error
2025-07-11 01:05:30,689 - ERROR - Environment sensor error: [Errno 5] Input/output error
2025-07-11 01:05:30,689 - ERROR - UV sensor error: [Errno 5] Input/output error
2025-07-11 01:05:30,734 - ERROR - Wind speed error: [Errno 5] Input/output error
2025-07-11 01:05:30,734 - ERROR - Wind direction error: [Errno 5] Input/output error
2025-07-11 01:05:30,734 - ERROR - Rainfall sensor error: [Errno 5] Input/output error
2025-07-11 01:05:31,735 - ERROR - Environment sensor error: [Errno 5] Input/output error
2025-07-11 01:05:31,735 - ERROR - UV sensor error: [Errno 5] Input/output error
2025-07-11 01:05:31,780 - ERROR - Wind speed error: [Errno 5] Input/output error
2025-07-11 01:05:31,780 - ERROR - Wind direction error: [Errno 5] Input/output error
2025-07-11 01:05:31,780 - ERROR - Rainfall sensor error: [Errno 5] Input/output error
2025-07-11 01:05:32,780 - ERROR - Environment sensor error: [Errno 5] Input/output error
2025-07-11 01:05:32,780 - ERROR - UV sensor error: [Errno 5] Input/output error
2025-07-11 01:05:32,826 - ERROR - Wind speed error: [Errno 5] Input/output error
2025-07-11 01:05:32,826 - ERROR - Wind direction error: [Errno 5] Input/output error
2025-07-11 01:05:32,826 - ERROR - Rainfall sensor error: [Errno 5] Input/output error
2025-07-11 01:05:33,826 - ERROR - Environment sensor error: [Errno 5] Input/output error
2025-07-11 01:05:33,826 - ERROR - UV sensor error: [Errno 5] Input/output error
2025-07-11 01:05:33,871 - ERROR - Wind speed error: [Errno 5] Input/output error
2025-07-11 01:05:33,872 - ERROR - Wind direction error: [Errno 5] Input/output error
2025-07-11 01:05:33,872 - ERROR - Rainfall sensor error: [Errno 5] Input/output error
2025-07-11 01:05:34,872 - ERROR - Environment sensor error: [Errno 5] Input/output error
2025-07-11 01:05:34,872 - ERROR - UV sensor error: [Errno 5] Input/output error
2025-07-11 01:05:34,939 - ERROR - Wind speed error: [Errno 5] Input/output error
2025-07-11 01:05:34,939 - ERROR - Wind direction error: [Errno 5] Input/output error
2025-07-11 01:05:34,939 - ERROR - Rainfall sensor error: [Errno 5] Input/output error
2025-07-11 01:05:35,432 - INFO - CSV write completed at 2025-07-11T01:05:35.432249
2025-07-11 01:05:35,731 - INFO - Switched to GUI-2 (Next toggle in 5s
2025-07-11 01:05:35,940 - ERROR - Environment sensor error: [Errno 5] Input/output error
2025-07-11 01:05:35,940 - ERROR - UV sensor error: [Errno 5] Input/output error
2025-07-11 01:05:35,985 - ERROR - Wind speed error: [Errno 5] Input/output error
2025-07-11 01:05:35,985 - ERROR - Wind direction error: [Errno 5] Input/output error
2025-07-11 01:05:35,985 - ERROR - Rainfall sensor error: [Errno 5] Input/output error
2025-07-11 01:05:36,986 - ERROR - Environment sensor error: [Errno 5] Input/output error
2025-07-11 01:05:36,986 - ERROR - UV sensor error: [Errno 5] Input/output error
2025-07-11 01:05:37,031 - ERROR - Wind speed error: [Errno 5] Input/output error
2025-07-11 01:05:37,032 - ERROR - Wind direction error: [Errno 5] Input/output error
2025-07-11 01:05:37,032 - ERROR - Rainfall sensor error: [Errno 5] Input/output error
2025-07-11 01:05:38,032 - ERROR - Environment sensor error: [Errno 5] Input/output error
2025-07-11 01:05:38,032 - ERROR - UV sensor error: [Errno 5] Input/output error
2025-07-11 01:05:38,077 - ERROR - Wind speed error: [Errno 5] Input/output error
2025-07-11 01:05:38,077 - ERROR - Wind direction error: [Errno 5] Input/output error
2025-07-11 01:05:38,077 - ERROR - Rainfall sensor error: [Errno 5] Input/output error
2025-07-11 01:05:39,077 - ERROR - Environment sensor error: [Errno 5] Input/output error
2025-07-11 01:05:39,078 - ERROR - UV sensor error: [Errno 5] Input/output error
2025-07-11 01:05:39,123 - ERROR - Wind speed error: [Errno 5] Input/output error
2025-07-11 01:05:39,123 - ERROR - Wind direction error: [Errno 5] Input/output error
2025-07-11 01:05:39,123 - ERROR - Rainfall sensor error: [Errno 5] Input/output error
2025-07-11 01:05:40,123 - ERROR - Environment sensor error: [Errno 5] Input/output error
2025-07-11 01:05:40,124 - ERROR - UV sensor error: [Errno 5] Input/output error
2025-07-11 01:05:40,195 - ERROR - Wind speed error: [Errno 5] Input/output error
2025-07-11 01:05:40,195 - ERROR - Wind direction error: [Errno 5] Input/output error
2025-07-11 01:05:40,195 - ERROR - Rainfall sensor error: [Errno 5] Input/output error
2025-07-11 01:05:40,731 - INFO - Switched to GUI-1 (Next toggle in 10s
2025-07-11 01:05:41,195 - ERROR - Environment sensor error: [Errno 5] Input/output error
2025-07-11 01:05:41,195 - ERROR - UV sensor error: [Errno 5] Input/output error
2025-07-11 01:05:41,241 - ERROR - Wind speed error: [Errno 5] Input/output error
2025-07-11 01:05:41,241 - ERROR - Wind direction error: [Errno 5] Input/output error
2025-07-11 01:05:41,241 - ERROR - Rainfall sensor error: [Errno 5] Input/output error
2025-07-11 01:05:42,241 - ERROR - Environment sensor error: [Errno 5] Input/output error
2025-07-11 01:05:42,241 - ERROR - UV sensor error: [Errno 5] Input/output error
2025-07-11 01:05:42,286 - ERROR - Wind speed error: [Errno 5] Input/output error
2025-07-11 01:05:42,286 - ERROR - Wind direction error: [Errno 5] Input/output error
2025-07-11 01:05:42,286 - ERROR - Rainfall sensor error: [Errno 5] Input/output error
2025-07-11 01:05:43,287 - ERROR - Environment sensor error: [Errno 5] Input/output error
2025-07-11 01:05:43,287 - ERROR - UV sensor error: [Errno 5] Input/output error
2025-07-11 01:05:43,332 - ERROR - Wind speed error: [Errno 5] Input/output error
2025-07-11 01:05:43,332 - ERROR - Wind direction error: [Errno 5] Input/output error
2025-07-11 01:05:43,332 - ERROR - Rainfall sensor error: [Errno 5] Input/output error
2025-07-11 01:05:44,332 - ERROR - Environment sensor error: [Errno 5] Input/output error
2025-07-11 01:05:44,332 - ERROR - UV sensor error: [Errno 5] Input/output error
2025-07-11 01:05:44,378 - ERROR - Wind speed error: [Errno 5] Input/output error
2025-07-11 01:05:44,378 - ERROR - Wind direction error: [Errno 5] Input/output error
2025-07-11 01:05:44,378 - ERROR - Rainfall sensor error: [Errno 5] Input/output error
2025-07-11 01:05:45,378 - ERROR - Environment sensor error: [Errno 5] Input/output error
2025-07-11 01:05:45,378 - ERROR - UV sensor error: [Errno 5] Input/output error
2025-07-11 01:05:45,448 - ERROR - Wind speed error: [Errno 5] Input/output error
2025-07-11 01:05:45,448 - ERROR - Wind direction error: [Errno 5] Input/output error
2025-07-11 01:05:45,449 - ERROR - Rainfall sensor error: [Errno 5] Input/output error
2025-07-11 01:05:46,449 - ERROR - Environment sensor error: [Errno 5] Input/output error
2025-07-11 01:05:46,449 - ERROR - UV sensor error: [Errno 5] Input/output error
2025-07-11 01:05:46,514 - ERROR - Wind speed error: [Errno 5] Input/output error
2025-07-11 01:05:46,515 - ERROR - Wind direction error: [Errno 5] Input/output error
2025-07-11 01:05:46,515 - ERROR - Rainfall sensor error: [Errno 5] Input/output error
2025-07-11 01:05:47,515 - ERROR - Environment sensor error: [Errno 5] Input/output error
2025-07-11 01:05:47,515 - ERROR - UV sensor error: [Errno 5] Input/output error
2025-07-11 01:05:47,585 - ERROR - Wind speed error: [Errno 5] Input/output error
2025-07-11 01:05:47,585 - ERROR - Wind direction error: [Errno 5] Input/output error
2025-07-11 01:05:47,586 - ERROR - Rainfall sensor error: [Errno 5] Input/output error
2025-07-11 01:05:48,586 - ERROR - Environment sensor error: [Errno 5] Input/output error
2025-07-11 01:05:48,586 - ERROR - UV sensor error: [Errno 5] Input/output error
2025-07-11 01:05:48,651 - ERROR - Wind speed error: [Errno 5] Input/output error
2025-07-11 01:05:48,652 - ERROR - Wind direction error: [Errno 5] Input/output error
2025-07-11 01:05:48,652 - ERROR - Rainfall sensor error: [Errno 5] Input/output error
2025-07-11 01:05:49,652 - ERROR - Environment sensor error: [Errno 5] Input/output error
2025-07-11 01:05:49,652 - ERROR - UV sensor error: [Errno 5] Input/output error
2025-07-11 01:05:49,727 - ERROR - Wind speed error: [Errno 5] Input/output error
2025-07-11 01:05:49,727 - ERROR - Wind direction error: [Errno 5] Input/output error
2025-07-11 01:05:49,727 - ERROR - Rainfall sensor error: [Errno 5] Input/output error
2025-07-11 01:05:50,727 - ERROR - Environment sensor error: [Errno 5] Input/output error
2025-07-11 01:05:50,727 - ERROR - UV sensor error: [Errno 5] Input/output error
2025-07-11 01:05:50,732 - INFO - Switched to GUI-2 (Next toggle in 5s
2025-07-11 01:05:50,802 - ERROR - Wind speed error: [Errno 5] Input/output error
2025-07-11 01:05:50,802 - ERROR - Wind direction error: [Errno 5] Input/output error
2025-07-11 01:05:50,802 - ERROR - Rainfall sensor error: [Errno 5] Input/output error
2025-07-11 01:05:51,803 - ERROR - Environment sensor error: [Errno 5] Input/output error
2025-07-11 01:05:51,803 - ERROR - UV sensor error: [Errno 5] Input/output error
2025-07-11 01:05:51,848 - ERROR - Wind speed error: [Errno 5] Input/output error
2025-07-11 01:05:51,848 - ERROR - Wind direction error: [Errno 5] Input/output error
2025-07-11 01:05:51,848 - ERROR - Rainfall sensor error: [Errno 5] Input/output error
2025-07-11 01:05:52,848 - ERROR - Environment sensor error: [Errno 5] Input/output error
2025-07-11 01:05:52,848 - ERROR - UV sensor error: [Errno 5] Input/output error
2025-07-11 01:05:52,894 - ERROR - Wind speed error: [Errno 5] Input/output error
2025-07-11 01:05:52,894 - ERROR - Wind direction error: [Errno 5] Input/output error
2025-07-11 01:05:52,894 - ERROR - Rainfall sensor error: [Errno 5] Input/output error
2025-07-11 01:05:53,894 - ERROR - Environment sensor error: [Errno 5] Input/output error
2025-07-11 01:05:53,894 - ERROR - UV sensor error: [Errno 5] Input/output error
2025-07-11 01:05:53,939 - ERROR - Wind speed error: [Errno 5] Input/output error
2025-07-11 01:05:53,940 - ERROR - Wind direction error: [Errno 5] Input/output error
2025-07-11 01:05:53,940 - ERROR - Rainfall sensor error: [Errno 5] Input/output error
2025-07-11 01:05:54,940 - ERROR - Environment sensor error: [Errno 5] Input/output error
2025-07-11 01:05:54,940 - ERROR - UV sensor error: [Errno 5] Input/output error
2025-07-11 01:05:54,986 - ERROR - Wind speed error: [Errno 5] Input/output error
2025-07-11 01:05:54,986 - ERROR - Wind direction error: [Errno 5] Input/output error
2025-07-11 01:05:54,986 - ERROR - Rainfall sensor error: [Errno 5] Input/output error
2025-07-11 01:05:55,732 - INFO - Switched to GUI-1 (Next toggle in 10s
2025-07-11 01:05:55,986 - ERROR - Environment sensor error: [Errno 5] Input/output error
2025-07-11 01:05:55,986 - ERROR - UV sensor error: [Errno 5] Input/output error
2025-07-11 01:05:56,053 - ERROR - Wind speed error: [Errno 5] Input/output error
2025-07-11 01:05:56,053 - ERROR - Wind direction error: [Errno 5] Input/output error
2025-07-11 01:05:56,053 - ERROR - Rainfall sensor error: [Errno 5] Input/output error
2025-07-11 01:05:57,053 - ERROR - Environment sensor error: [Errno 5] Input/output error
2025-07-11 01:05:57,053 - ERROR - UV sensor error: [Errno 5] Input/output error
2025-07-11 01:05:57,099 - ERROR - Wind speed error: [Errno 5] Input/output error
2025-07-11 01:05:57,099 - ERROR - Wind direction error: [Errno 5] Input/output error
2025-07-11 01:05:57,099 - ERROR - Rainfall sensor error: [Errno 5] Input/output error
2025-07-11 01:05:58,099 - ERROR - Environment sensor error: [Errno 5] Input/output error
2025-07-11 01:05:58,100 - ERROR - UV sensor error: [Errno 5] Input/output error
2025-07-11 01:05:58,145 - ERROR - Wind speed error: [Errno 5] Input/output error
2025-07-11 01:05:58,145 - ERROR - Wind direction error: [Errno 5] Input/output error
2025-07-11 01:05:58,145 - ERROR - Rainfall sensor error: [Errno 5] Input/output error
2025-07-11 01:05:59,146 - ERROR - Environment sensor error: [Errno 5] Input/output error
2025-07-11 01:05:59,146 - ERROR - UV sensor error: [Errno 5] Input/output error
2025-07-11 01:05:59,191 - ERROR - Wind speed error: [Errno 5] Input/output error
2025-07-11 01:05:59,191 - ERROR - Wind direction error: [Errno 5] Input/output error
2025-07-11 01:05:59,191 - ERROR - Rainfall sensor error: [Errno 5] Input/output error
2025-07-11 01:06:00,191 - ERROR - Environment sensor error: [Errno 5] Input/output error
2025-07-11 01:06:00,192 - ERROR - UV sensor error: [Errno 5] Input/output error
2025-07-11 01:06:00,237 - ERROR - Wind speed error: [Errno 5] Input/output error
2025-07-11 01:06:00,237 - ERROR - Wind direction error: [Errno 5] Input/output error
2025-07-11 01:06:00,237 - ERROR - Rainfall sensor error: [Errno 5] Input/output error
2025-07-11 01:06:01,237 - ERROR - Environment sensor error: [Errno 5] Input/output error
2025-07-11 01:06:01,237 - ERROR - UV sensor error: [Errno 5] Input/output error
2025-07-11 01:06:01,302 - ERROR - Wind speed error: [Errno 5] Input/output error
2025-07-11 01:06:01,303 - ERROR - Wind direction error: [Errno 5] Input/output error
2025-07-11 01:06:01,303 - ERROR - Rainfall sensor error: [Errno 5] Input/output error
2025-07-11 01:06:02,303 - ERROR - Environment sensor error: [Errno 5] Input/output error
2025-07-11 01:06:02,303 - ERROR - UV sensor error: [Errno 5] Input/output error
2025-07-11 01:06:02,374 - ERROR - Wind speed error: [Errno 5] Input/output error
2025-07-11 01:06:02,374 - ERROR - Wind direction error: [Errno 5] Input/output error
2025-07-11 01:06:02,374 - ERROR - Rainfall sensor error: [Errno 5] Input/output error
2025-07-11 01:06:03,374 - ERROR - Environment sensor error: [Errno 5] Input/output error
2025-07-11 01:06:03,375 - ERROR - UV sensor error: [Errno 5] Input/output error
2025-07-11 01:06:03,445 - ERROR - Wind speed error: [Errno 5] Input/output error
2025-07-11 01:06:03,445 - ERROR - Wind direction error: [Errno 5] Input/output error
2025-07-11 01:06:03,445 - ERROR - Rainfall sensor error: [Errno 5] Input/output error
2025-07-11 01:06:04,445 - ERROR - Environment sensor error: [Errno 5] Input/output error
2025-07-11 01:06:04,446 - ERROR - UV sensor error: [Errno 5] Input/output error
2025-07-11 01:06:04,516 - ERROR - Wind speed error: [Errno 5] Input/output error
2025-07-11 01:06:04,516 - ERROR - Wind direction error: [Errno 5] Input/output error
2025-07-11 01:06:04,516 - ERROR - Rainfall sensor error: [Errno 5] Input/output error
2025-07-11 01:06:05,449 - INFO - CSV write completed at 2025-07-11T01:06:05.449275
2025-07-11 01:06:05,516 - ERROR - Environment sensor error: [Errno 5] Input/output error
2025-07-11 01:06:05,517 - ERROR - UV sensor error: [Errno 5] Input/output error
2025-07-11 01:06:05,562 - ERROR - Wind speed error: [Errno 5] Input/output error
2025-07-11 01:06:05,562 - ERROR - Wind direction error: [Errno 5] Input/output error
2025-07-11 01:06:05,562 - ERROR - Rainfall sensor error: [Errno 5] Input/output error
2025-07-11 01:06:05,732 - INFO - Switched to GUI-2 (Next toggle in 5s
2025-07-11 01:06:06,562 - ERROR - Environment sensor error: [Errno 5] Input/output error
2025-07-11 01:06:06,563 - ERROR - UV sensor error: [Errno 5] Input/output error
2025-07-11 01:06:06,608 - ERROR - Wind speed error: [Errno 5] Input/output error
2025-07-11 01:06:06,608 - ERROR - Wind direction error: [Errno 5] Input/output error
2025-07-11 01:06:06,608 - ERROR - Rainfall sensor error: [Errno 5] Input/output error
2025-07-11 01:06:07,608 - ERROR - Environment sensor error: [Errno 5] Input/output error
2025-07-11 01:06:07,608 - ERROR - UV sensor error: [Errno 5] Input/output error
2025-07-11 01:06:07,653 - ERROR - Wind speed error: [Errno 5] Input/output error
2025-07-11 01:06:07,654 - ERROR - Wind direction error: [Errno 5] Input/output error
2025-07-11 01:06:07,654 - ERROR - Rainfall sensor error: [Errno 5] Input/output error
2025-07-11 01:06:08,654 - ERROR - Environment sensor error: [Errno 5] Input/output error
2025-07-11 01:06:08,654 - ERROR - UV sensor error: [Errno 5] Input/output error
2025-07-11 01:06:08,699 - ERROR - Wind speed error: [Errno 5] Input/output error
2025-07-11 01:06:08,699 - ERROR - Wind direction error: [Errno 5] Input/output error
2025-07-11 01:06:08,699 - ERROR - Rainfall sensor error: [Errno 5] Input/output error
2025-07-11 01:06:09,699 - ERROR - Environment sensor error: [Errno 5] Input/output error
2025-07-11 01:06:09,699 - ERROR - UV sensor error: [Errno 5] Input/output error
2025-07-11 01:06:09,762 - ERROR - Wind speed error: [Errno 5] Input/output error
2025-07-11 01:06:09,762 - ERROR - Wind direction error: [Errno 5] Input/output error
2025-07-11 01:06:09,762 - ERROR - Rainfall sensor error: [Errno 5] Input/output error
2025-07-11 01:06:10,732 - INFO - Switched to GUI-1 (Next toggle in 10s
2025-07-11 01:06:10,762 - ERROR - Environment sensor error: [Errno 5] Input/output error
2025-07-11 01:06:10,763 - ERROR - UV sensor error: [Errno 5] Input/output error
2025-07-11 01:06:10,852 - ERROR - Wind speed error: [Errno 5] Input/output error
2025-07-11 01:06:10,853 - ERROR - Wind direction error: [Errno 5] Input/output error
2025-07-11 01:06:10,853 - ERROR - Rainfall sensor error: [Errno 5] Input/output error
2025-07-11 01:06:11,853 - ERROR - Environment sensor error: [Errno 5] Input/output error
2025-07-11 01:06:11,853 - ERROR - UV sensor error: [Errno 5] Input/output error
2025-07-11 01:06:11,899 - ERROR - Wind speed error: [Errno 5] Input/output error
2025-07-11 01:06:11,899 - ERROR - Wind direction error: [Errno 5] Input/output error
2025-07-11 01:06:11,899 - ERROR - Rainfall sensor error: [Errno 5] Input/output error
2025-07-11 01:06:12,899 - ERROR - Environment sensor error: [Errno 5] Input/output error
2025-07-11 01:06:12,899 - ERROR - UV sensor error: [Errno 5] Input/output error
2025-07-11 01:06:12,945 - ERROR - Wind speed error: [Errno 5] Input/output error
2025-07-11 01:06:12,945 - ERROR - Wind direction error: [Errno 5] Input/output error
2025-07-11 01:06:12,945 - ERROR - Rainfall sensor error: [Errno 5] Input/output error
2025-07-11 01:06:13,945 - ERROR - Environment sensor error: [Errno 5] Input/output error
2025-07-11 01:06:13,945 - ERROR - UV sensor error: [Errno 5] Input/output error
2025-07-11 01:06:13,990 - ERROR - Wind speed error: [Errno 5] Input/output error
2025-07-11 01:06:13,990 - ERROR - Wind direction error: [Errno 5] Input/output error
2025-07-11 01:06:13,991 - ERROR - Rainfall sensor error: [Errno 5] Input/output error
2025-07-11 01:06:14,991 - ERROR - Environment sensor error: [Errno 5] Input/output error
2025-07-11 01:06:14,991 - ERROR - UV sensor error: [Errno 5] Input/output error
2025-07-11 01:06:15,036 - ERROR - Wind speed error: [Errno 5] Input/output error
2025-07-11 01:06:15,036 - ERROR - Wind direction error: [Errno 5] Input/output error
2025-07-11 01:06:15,036 - ERROR - Rainfall sensor error: [Errno 5] Input/output error
2025-07-11 01:06:16,036 - ERROR - Environment sensor error: [Errno 5] Input/output error
2025-07-11 01:06:16,036 - ERROR - UV sensor error: [Errno 5] Input/output error
2025-07-11 01:06:16,102 - ERROR - Wind speed error: [Errno 5] Input/output error
2025-07-11 01:06:16,102 - ERROR - Wind direction error: [Errno 5] Input/output error
2025-07-11 01:06:16,102 - ERROR - Rainfall sensor error: [Errno 5] Input/output error
2025-07-11 01:06:17,102 - ERROR - Environment sensor error: [Errno 5] Input/output error
2025-07-11 01:06:17,103 - ERROR - UV sensor error: [Errno 5] Input/output error
2025-07-11 01:06:17,148 - ERROR - Wind speed error: [Errno 5] Input/output error
2025-07-11 01:06:17,148 - ERROR - Wind direction error: [Errno 5] Input/output error
2025-07-11 01:06:17,148 - ERROR - Rainfall sensor error: [Errno 5] Input/output error
2025-07-11 01:06:18,148 - ERROR - Environment sensor error: [Errno 5] Input/output error
2025-07-11 01:06:18,148 - ERROR - UV sensor error: [Errno 5] Input/output error
2025-07-11 01:06:18,194 - ERROR - Wind speed error: [Errno 5] Input/output error
2025-07-11 01:06:18,194 - ERROR - Wind direction error: [Errno 5] Input/output error
2025-07-11 01:06:18,194 - ERROR - Rainfall sensor error: [Errno 5] Input/output error
2025-07-11 01:06:19,194 - ERROR - Environment sensor error: [Errno 5] Input/output error
2025-07-11 01:06:19,194 - ERROR - UV sensor error: [Errno 5] Input/output error
2025-07-11 01:06:19,239 - ERROR - Wind speed error: [Errno 5] Input/output error
2025-07-11 01:06:19,240 - ERROR - Wind direction error: [Errno 5] Input/output error
2025-07-11 01:06:19,240 - ERROR - Rainfall sensor error: [Errno 5] Input/output error
2025-07-11 01:06:20,240 - ERROR - Environment sensor error: [Errno 5] Input/output error
2025-07-11 01:06:20,240 - ERROR - UV sensor error: [Errno 5] Input/output error
2025-07-11 01:06:20,285 - ERROR - Wind speed error: [Errno 5] Input/output error
2025-07-11 01:06:20,285 - ERROR - Wind direction error: [Errno 5] Input/output error
2025-07-11 01:06:20,285 - ERROR - Rainfall sensor error: [Errno 5] Input/output error
2025-07-11 01:06:20,733 - INFO - Switched to GUI-2 (Next toggle in 5s
2025-07-11 01:06:21,285 - ERROR - Environment sensor error: [Errno 5] Input/output error
2025-07-11 01:06:21,286 - ERROR - UV sensor error: [Errno 5] Input/output error
2025-07-11 01:06:21,331 - ERROR - Wind speed error: [Errno 5] Input/output error
2025-07-11 01:06:21,331 - ERROR - Wind direction error: [Errno 5] Input/output error
2025-07-11 01:06:21,331 - ERROR - Rainfall sensor error: [Errno 5] Input/output error
2025-07-11 01:06:22,332 - ERROR - Environment sensor error: [Errno 5] Input/output error
2025-07-11 01:06:22,332 - ERROR - UV sensor error: [Errno 5] Input/output error
2025-07-11 01:06:22,403 - ERROR - Wind speed error: [Errno 5] Input/output error
2025-07-11 01:06:22,404 - ERROR - Wind direction error: [Errno 5] Input/output error
2025-07-11 01:06:22,404 - ERROR - Rainfall sensor error: [Errno 5] Input/output error
2025-07-11 01:06:23,404 - ERROR - Environment sensor error: [Errno 5] Input/output error
2025-07-11 01:06:23,404 - ERROR - UV sensor error: [Errno 5] Input/output error
2025-07-11 01:06:23,449 - ERROR - Wind speed error: [Errno 5] Input/output error
2025-07-11 01:06:23,449 - ERROR - Wind direction error: [Errno 5] Input/output error
2025-07-11 01:06:23,449 - ERROR - Rainfall sensor error: [Errno 5] Input/output error
2025-07-11 01:06:24,450 - ERROR - Environment sensor error: [Errno 5] Input/output error
2025-07-11 01:06:24,450 - ERROR - UV sensor error: [Errno 5] Input/output error
2025-07-11 01:06:24,495 - ERROR - Wind speed error: [Errno 5] Input/output error
2025-07-11 01:06:24,495 - ERROR - Wind direction error: [Errno 5] Input/output error
2025-07-11 01:06:24,495 - ERROR - Rainfall sensor error: [Errno 5] Input/output error
2025-07-11 01:06:25,496 - ERROR - Environment sensor error: [Errno 5] Input/output error
2025-07-11 01:06:25,496 - ERROR - UV sensor error: [Errno 5] Input/output error
2025-07-11 01:06:25,541 - ERROR - Wind speed error: [Errno 5] Input/output error
2025-07-11 01:06:25,541 - ERROR - Wind direction error: [Errno 5] Input/output error
2025-07-11 01:06:25,541 - ERROR - Rainfall sensor error: [Errno 5] Input/output error
2025-07-11 01:06:25,733 - INFO - Switched to GUI-1 (Next toggle in 10s
2025-07-11 01:06:26,542 - ERROR - Environment sensor error: [Errno 5] Input/output error
2025-07-11 01:06:26,542 - ERROR - UV sensor error: [Errno 5] Input/output error
2025-07-11 01:06:26,587 - ERROR - Wind speed error: [Errno 5] Input/output error
2025-07-11 01:06:26,588 - ERROR - Wind direction error: [Errno 5] Input/output error
2025-07-11 01:06:26,588 - ERROR - Rainfall sensor error: [Errno 5] Input/output error
2025-07-11 01:06:27,588 - ERROR - Environment sensor error: [Errno 5] Input/output error
2025-07-11 01:06:27,588 - ERROR - UV sensor error: [Errno 5] Input/output error
2025-07-11 01:06:27,659 - ERROR - Wind speed error: [Errno 5] Input/output error
2025-07-11 01:06:27,659 - ERROR - Wind direction error: [Errno 5] Input/output error
2025-07-11 01:06:27,659 - ERROR - Rainfall sensor error: [Errno 5] Input/output error
2025-07-11 01:06:28,660 - ERROR - Environment sensor error: [Errno 5] Input/output error
2025-07-11 01:06:28,660 - ERROR - UV sensor error: [Errno 5] Input/output error
2025-07-11 01:06:28,705 - ERROR - Wind speed error: [Errno 5] Input/output error
2025-07-11 01:06:28,705 - ERROR - Wind direction error: [Errno 5] Input/output error
2025-07-11 01:06:28,705 - ERROR - Rainfall sensor error: [Errno 5] Input/output error
2025-07-11 01:06:29,706 - ERROR - Environment sensor error: [Errno 5] Input/output error
2025-07-11 01:06:29,706 - ERROR - UV sensor error: [Errno 5] Input/output error
2025-07-11 01:06:29,751 - ERROR - Wind speed error: [Errno 5] Input/output error
2025-07-11 01:06:29,751 - ERROR - Wind direction error: [Errno 5] Input/output error
2025-07-11 01:06:29,751 - ERROR - Rainfall sensor error: [Errno 5] Input/output error
2025-07-11 01:06:30,751 - ERROR - Environment sensor error: [Errno 5] Input/output error
2025-07-11 01:06:30,751 - ERROR - UV sensor error: [Errno 5] Input/output error
2025-07-11 01:06:30,797 - ERROR - Wind speed error: [Errno 5] Input/output error
2025-07-11 01:06:30,797 - ERROR - Wind direction error: [Errno 5] Input/output error
2025-07-11 01:06:30,797 - ERROR - Rainfall sensor error: [Errno 5] Input/output error
2025-07-11 01:06:31,797 - ERROR - Environment sensor error: [Errno 5] Input/output error
2025-07-11 01:06:31,798 - ERROR - UV sensor error: [Errno 5] Input/output error
2025-07-11 01:06:31,843 - ERROR - Wind speed error: [Errno 5] Input/output error
2025-07-11 01:06:31,843 - ERROR - Wind direction error: [Errno 5] Input/output error
2025-07-11 01:06:31,843 - ERROR - Rainfall sensor error: [Errno 5] Input/output error
2025-07-11 01:06:32,843 - ERROR - Environment sensor error: [Errno 5] Input/output error
2025-07-11 01:06:32,843 - ERROR - UV sensor error: [Errno 5] Input/output error
2025-07-11 01:06:32,889 - ERROR - Wind speed error: [Errno 5] Input/output error
2025-07-11 01:06:32,889 - ERROR - Wind direction error: [Errno 5] Input/output error
2025-07-11 01:06:32,889 - ERROR - Rainfall sensor error: [Errno 5] Input/output error
2025-07-11 01:06:33,889 - ERROR - Environment sensor error: [Errno 5] Input/output error
2025-07-11 01:06:33,890 - ERROR - UV sensor error: [Errno 5] Input/output error
2025-07-11 01:06:33,961 - ERROR - Wind speed error: [Errno 5] Input/output error
2025-07-11 01:06:33,961 - ERROR - Wind direction error: [Errno 5] Input/output error
2025-07-11 01:06:33,961 - ERROR - Rainfall sensor error: [Errno 5] Input/output error
2025-07-11 01:06:34,961 - ERROR - Environment sensor error: [Errno 5] Input/output error
2025-07-11 01:06:34,961 - ERROR - UV sensor error: [Errno 5] Input/output error
2025-07-11 01:06:35,007 - ERROR - Wind speed error: [Errno 5] Input/output error
2025-07-11 01:06:35,007 - ERROR - Wind direction error: [Errno 5] Input/output error
2025-07-11 01:06:35,007 - ERROR - Rainfall sensor error: [Errno 5] Input/output error
2025-07-11 01:06:35,458 - INFO - CSV write completed at 2025-07-11T01:06:35.458146
2025-07-11 01:06:35,733 - INFO - Switched to GUI-2 (Next toggle in 5s
2025-07-11 01:06:36,007 - ERROR - Environment sensor error: [Errno 5] Input/output error
2025-07-11 01:06:36,007 - ERROR - UV sensor error: [Errno 5] Input/output error
2025-07-11 01:06:36,053 - ERROR - Wind speed error: [Errno 5] Input/output error
2025-07-11 01:06:36,053 - ERROR - Wind direction error: [Errno 5] Input/output error
2025-07-11 01:06:36,053 - ERROR - Rainfall sensor error: [Errno 5] Input/output error
2025-07-11 01:06:37,054 - ERROR - Environment sensor error: [Errno 5] Input/output error
2025-07-11 01:06:37,054 - ERROR - UV sensor error: [Errno 5] Input/output error
2025-07-11 01:06:37,099 - ERROR - Wind speed error: [Errno 5] Input/output error
2025-07-11 01:06:37,099 - ERROR - Wind direction error: [Errno 5] Input/output error
2025-07-11 01:06:37,099 - ERROR - Rainfall sensor error: [Errno 5] Input/output error
2025-07-11 01:06:38,099 - ERROR - Environment sensor error: [Errno 5] Input/output error
2025-07-11 01:06:38,099 - ERROR - UV sensor error: [Errno 5] Input/output error
2025-07-11 01:06:38,145 - ERROR - Wind speed error: [Errno 5] Input/output error
2025-07-11 01:06:38,145 - ERROR - Wind direction error: [Errno 5] Input/output error
2025-07-11 01:06:38,145 - ERROR - Rainfall sensor error: [Errno 5] Input/output error
2025-07-11 01:06:39,145 - ERROR - Environment sensor error: [Errno 5] Input/output error
2025-07-11 01:06:39,145 - ERROR - UV sensor error: [Errno 5] Input/output error
2025-07-11 01:06:39,212 - ERROR - Wind speed error: [Errno 5] Input/output error
2025-07-11 01:06:39,212 - ERROR - Wind direction error: [Errno 5] Input/output error
2025-07-11 01:06:39,212 - ERROR - Rainfall sensor error: [Errno 5] Input/output error
2025-07-11 01:06:40,213 - ERROR - Environment sensor error: [Errno 5] Input/output error
2025-07-11 01:06:40,213 - ERROR - UV sensor error: [Errno 5] Input/output error
2025-07-11 01:06:40,258 - ERROR - Wind speed error: [Errno 5] Input/output error
2025-07-11 01:06:40,258 - ERROR - Wind direction error: [Errno 5] Input/output error
2025-07-11 01:06:40,258 - ERROR - Rainfall sensor error: [Errno 5] Input/output error
2025-07-11 01:06:40,734 - INFO - Switched to GUI-1 (Next toggle in 10s
2025-07-11 01:06:41,258 - ERROR - Environment sensor error: [Errno 5] Input/output error
2025-07-11 01:06:41,258 - ERROR - UV sensor error: [Errno 5] Input/output error
2025-07-11 01:06:41,304 - ERROR - Wind speed error: [Errno 5] Input/output error
2025-07-11 01:06:41,304 - ERROR - Wind direction error: [Errno 5] Input/output error
2025-07-11 01:06:41,304 - ERROR - Rainfall sensor error: [Errno 5] Input/output error
2025-07-11 01:06:42,304 - ERROR - Environment sensor error: [Errno 5] Input/output error
2025-07-11 01:06:42,304 - ERROR - UV sensor error: [Errno 5] Input/output error
2025-07-11 01:06:42,350 - ERROR - Wind speed error: [Errno 5] Input/output error
2025-07-11 01:06:42,350 - ERROR - Wind direction error: [Errno 5] Input/output error
2025-07-11 01:06:42,350 - ERROR - Rainfall sensor error: [Errno 5] Input/output error
2025-07-11 01:06:43,350 - ERROR - Environment sensor error: [Errno 5] Input/output error
2025-07-11 01:06:43,350 - ERROR - UV sensor error: [Errno 5] Input/output error
2025-07-11 01:06:43,395 - ERROR - Wind speed error: [Errno 5] Input/output error
2025-07-11 01:06:43,396 - ERROR - Wind direction error: [Errno 5] Input/output error
2025-07-11 01:06:43,396 - ERROR - Rainfall sensor error: [Errno 5] Input/output error
2025-07-11 01:06:44,396 - ERROR - Environment sensor error: [Errno 5] Input/output error
2025-07-11 01:06:44,396 - ERROR - UV sensor error: [Errno 5] Input/output error
2025-07-11 01:06:44,441 - ERROR - Wind speed error: [Errno 5] Input/output error
2025-07-11 01:06:44,441 - ERROR - Wind direction error: [Errno 5] Input/output error
2025-07-11 01:06:44,442 - ERROR - Rainfall sensor error: [Errno 5] Input/output error
2025-07-11 01:06:45,442 - ERROR - Environment sensor error: [Errno 5] Input/output error
2025-07-11 01:06:45,442 - ERROR - UV sensor error: [Errno 5] Input/output error
2025-07-11 01:06:45,513 - ERROR - Wind speed error: [Errno 5] Input/output error
2025-07-11 01:06:45,514 - ERROR - Wind direction error: [Errno 5] Input/output error
2025-07-11 01:06:45,514 - ERROR - Rainfall sensor error: [Errno 5] Input/output error
2025-07-11 01:06:46,514 - ERROR - Environment sensor error: [Errno 5] Input/output error
2025-07-11 01:06:46,514 - ERROR - UV sensor error: [Errno 5] Input/output error
2025-07-11 01:06:46,583 - ERROR - Wind speed error: [Errno 5] Input/output error
2025-07-11 01:06:46,583 - ERROR - Wind direction error: [Errno 5] Input/output error
2025-07-11 01:06:46,583 - ERROR - Rainfall sensor error: [Errno 5] Input/output error
2025-07-11 01:06:47,584 - ERROR - Environment sensor error: [Errno 5] Input/output error
2025-07-11 01:06:47,584 - ERROR - UV sensor error: [Errno 5] Input/output error
2025-07-11 01:06:47,629 - ERROR - Wind speed error: [Errno 5] Input/output error
2025-07-11 01:06:47,629 - ERROR - Wind direction error: [Errno 5] Input/output error
2025-07-11 01:06:47,629 - ERROR - Rainfall sensor error: [Errno 5] Input/output error
2025-07-11 01:06:48,629 - ERROR - Environment sensor error: [Errno 5] Input/output error
2025-07-11 01:06:48,629 - ERROR - UV sensor error: [Errno 5] Input/output error
2025-07-11 01:06:48,675 - ERROR - Wind speed error: [Errno 5] Input/output error
2025-07-11 01:06:48,675 - ERROR - Wind direction error: [Errno 5] Input/output error
2025-07-11 01:06:48,675 - ERROR - Rainfall sensor error: [Errno 5] Input/output error
2025-07-11 01:06:49,675 - ERROR - Environment sensor error: [Errno 5] Input/output error
2025-07-11 01:06:49,675 - ERROR - UV sensor error: [Errno 5] Input/output error
2025-07-11 01:06:49,721 - ERROR - Wind speed error: [Errno 5] Input/output error
2025-07-11 01:06:49,721 - ERROR - Wind direction error: [Errno 5] Input/output error
2025-07-11 01:06:49,721 - ERROR - Rainfall sensor error: [Errno 5] Input/output error
2025-07-11 01:06:50,721 - ERROR - Environment sensor error: [Errno 5] Input/output error
2025-07-11 01:06:50,721 - ERROR - UV sensor error: [Errno 5] Input/output error
2025-07-11 01:06:50,766 - INFO - Switched to GUI-2 (Next toggle in 5s
2025-07-11 01:06:50,767 - ERROR - Wind speed error: [Errno 5] Input/output error
2025-07-11 01:06:50,767 - ERROR - Wind direction error: [Errno 5] Input/output error
2025-07-11 01:06:50,767 - ERROR - Rainfall sensor error: [Errno 5] Input/output error
2025-07-11 01:06:51,767 - ERROR - Environment sensor error: [Errno 5] Input/output error
2025-07-11 01:06:51,767 - ERROR - UV sensor error: [Errno 5] Input/output error
2025-07-11 01:06:51,813 - ERROR - Wind speed error: [Errno 5] Input/output error
2025-07-11 01:06:51,813 - ERROR - Wind direction error: [Errno 5] Input/output error
2025-07-11 01:06:51,813 - ERROR - Rainfall sensor error: [Errno 5] Input/output error
2025-07-11 01:06:52,813 - ERROR - Environment sensor error: [Errno 5] Input/output error
2025-07-11 01:06:52,813 - ERROR - UV sensor error: [Errno 5] Input/output error
2025-07-11 01:06:52,858 - ERROR - Wind speed error: [Errno 5] Input/output error
2025-07-11 01:06:52,858 - ERROR - Wind direction error: [Errno 5] Input/output error
2025-07-11 01:06:52,858 - ERROR - Rainfall sensor error: [Errno 5] Input/output error
2025-07-11 01:06:53,859 - ERROR - Environment sensor error: [Errno 5] Input/output error
2025-07-11 01:06:53,859 - ERROR - UV sensor error: [Errno 5] Input/output error
2025-07-11 01:06:53,904 - ERROR - Wind speed error: [Errno 5] Input/output error
2025-07-11 01:06:53,905 - ERROR - Wind direction error: [Errno 5] Input/output error
2025-07-11 01:06:53,905 - ERROR - Rainfall sensor error: [Errno 5] Input/output error
2025-07-11 01:06:54,905 - ERROR - Environment sensor error: [Errno 5] Input/output error
2025-07-11 01:06:54,905 - ERROR - UV sensor error: [Errno 5] Input/output error
2025-07-11 01:06:54,950 - ERROR - Wind speed error: [Errno 5] Input/output error
2025-07-11 01:06:54,951 - ERROR - Wind direction error: [Errno 5] Input/output error
2025-07-11 01:06:54,951 - ERROR - Rainfall sensor error: [Errno 5] Input/output error
2025-07-11 01:06:55,766 - INFO - Switched to GUI-1 (Next toggle in 10s
2025-07-11 01:06:55,951 - ERROR - Environment sensor error: [Errno 5] Input/output error
2025-07-11 01:06:55,951 - ERROR - UV sensor error: [Errno 5] Input/output error
2025-07-11 01:06:55,997 - ERROR - Wind speed error: [Errno 5] Input/output error
2025-07-11 01:06:55,997 - ERROR - Wind direction error: [Errno 5] Input/output error
2025-07-11 01:06:55,997 - ERROR - Rainfall sensor error: [Errno 5] Input/output error
2025-07-11 01:06:56,997 - ERROR - Environment sensor error: [Errno 5] Input/output error
2025-07-11 01:06:56,997 - ERROR - UV sensor error: [Errno 5] Input/output error
2025-07-11 01:06:57,069 - ERROR - Wind speed error: [Errno 5] Input/output error
2025-07-11 01:06:57,069 - ERROR - Wind direction error: [Errno 5] Input/output error
2025-07-11 01:06:57,069 - ERROR - Rainfall sensor error: [Errno 5] Input/output error
2025-07-11 01:06:58,070 - ERROR - Environment sensor error: [Errno 5] Input/output error
2025-07-11 01:06:58,070 - ERROR - UV sensor error: [Errno 5] Input/output error
2025-07-11 01:06:58,115 - ERROR - Wind speed error: [Errno 5] Input/output error
2025-07-11 01:06:58,115 - ERROR - Wind direction error: [Errno 5] Input/output error
2025-07-11 01:06:58,115 - ERROR - Rainfall sensor error: [Errno 5] Input/output error
2025-07-11 01:06:59,115 - ERROR - Environment sensor error: [Errno 5] Input/output error
2025-07-11 01:06:59,115 - ERROR - UV sensor error: [Errno 5] Input/output error
2025-07-11 01:06:59,160 - ERROR - Wind speed error: [Errno 5] Input/output error
2025-07-11 01:06:59,160 - ERROR - Wind direction error: [Errno 5] Input/output error
2025-07-11 01:06:59,160 - ERROR - Rainfall sensor error: [Errno 5] Input/output error
2025-07-11 01:07:00,161 - ERROR - Environment sensor error: [Errno 5] Input/output error
2025-07-11 01:07:00,161 - ERROR - UV sensor error: [Errno 5] Input/output error
2025-07-11 01:07:00,207 - ERROR - Wind speed error: [Errno 5] Input/output error
2025-07-11 01:07:00,207 - ERROR - Wind direction error: [Errno 5] Input/output error
2025-07-11 01:07:00,207 - ERROR - Rainfall sensor error: [Errno 5] Input/output error
2025-07-11 01:07:01,207 - ERROR - Environment sensor error: [Errno 5] Input/output error
2025-07-11 01:07:01,207 - ERROR - UV sensor error: [Errno 5] Input/output error
2025-07-11 01:07:01,252 - ERROR - Wind speed error: [Errno 5] Input/output error
2025-07-11 01:07:01,252 - ERROR - Wind direction error: [Errno 5] Input/output error
2025-07-11 01:07:01,252 - ERROR - Rainfall sensor error: [Errno 5] Input/output error
2025-07-11 01:07:02,253 - ERROR - Environment sensor error: [Errno 5] Input/output error
2025-07-11 01:07:02,253 - ERROR - UV sensor error: [Errno 5] Input/output error
2025-07-11 01:07:02,323 - ERROR - Wind speed error: [Errno 5] Input/output error
2025-07-11 01:07:02,323 - ERROR - Wind direction error: [Errno 5] Input/output error
2025-07-11 01:07:02,323 - ERROR - Rainfall sensor error: [Errno 5] Input/output error
2025-07-11 01:07:03,323 - ERROR - Environment sensor error: [Errno 5] Input/output error
2025-07-11 01:07:03,324 - ERROR - UV sensor error: [Errno 5] Input/output error
2025-07-11 01:07:03,391 - ERROR - Wind speed error: [Errno 5] Input/output error
2025-07-11 01:07:03,391 - ERROR - Wind direction error: [Errno 5] Input/output error
2025-07-11 01:07:03,391 - ERROR - Rainfall sensor error: [Errno 5] Input/output error
2025-07-11 01:07:04,391 - ERROR - Environment sensor error: [Errno 5] Input/output error
2025-07-11 01:07:04,391 - ERROR - UV sensor error: [Errno 5] Input/output error
2025-07-11 01:07:04,437 - ERROR - Wind speed error: [Errno 5] Input/output error
2025-07-11 01:07:04,437 - ERROR - Wind direction error: [Errno 5] Input/output error
2025-07-11 01:07:04,437 - ERROR - Rainfall sensor error: [Errno 5] Input/output error
2025-07-11 01:07:05,437 - ERROR - Environment sensor error: [Errno 5] Input/output error
2025-07-11 01:07:05,437 - ERROR - UV sensor error: [Errno 5] Input/output error
2025-07-11 01:07:05,483 - ERROR - Wind speed error: [Errno 5] Input/output error
2025-07-11 01:07:05,483 - ERROR - Wind direction error: [Errno 5] Input/output error
2025-07-11 01:07:05,483 - ERROR - Rainfall sensor error: [Errno 5] Input/output error
2025-07-11 01:07:05,513 - INFO - CSV write completed at 2025-07-11T01:07:05.513444
2025-07-11 01:07:05,766 - INFO - Switched to GUI-2 (Next toggle in 5s
2025-07-11 01:07:06,483 - ERROR - Environment sensor error: [Errno 5] Input/output error
2025-07-11 01:07:06,483 - ERROR - UV sensor error: [Errno 5] Input/output error
2025-07-11 01:07:06,529 - ERROR - Wind speed error: [Errno 5] Input/output error
2025-07-11 01:07:06,529 - ERROR - Wind direction error: [Errno 5] Input/output error
2025-07-11 01:07:06,529 - ERROR - Rainfall sensor error: [Errno 5] Input/output error
2025-07-11 01:07:07,529 - ERROR - Environment sensor error: [Errno 5] Input/output error
2025-07-11 01:07:07,529 - ERROR - UV sensor error: [Errno 5] Input/output error
2025-07-11 01:07:07,574 - ERROR - Wind speed error: [Errno 5] Input/output error
2025-07-11 01:07:07,574 - ERROR - Wind direction error: [Errno 5] Input/output error
2025-07-11 01:07:07,574 - ERROR - Rainfall sensor error: [Errno 5] Input/output error
2025-07-11 01:07:08,575 - ERROR - Environment sensor error: [Errno 5] Input/output error
2025-07-11 01:07:08,575 - ERROR - UV sensor error: [Errno 5] Input/output error
2025-07-11 01:07:08,643 - ERROR - Wind speed error: [Errno 5] Input/output error
2025-07-11 01:07:08,643 - ERROR - Wind direction error: [Errno 5] Input/output error
2025-07-11 01:07:08,643 - ERROR - Rainfall sensor error: [Errno 5] Input/output error
2025-07-11 01:07:09,643 - ERROR - Environment sensor error: [Errno 5] Input/output error
2025-07-11 01:07:09,643 - ERROR - UV sensor error: [Errno 5] Input/output error
2025-07-11 01:07:09,688 - ERROR - Wind speed error: [Errno 5] Input/output error
2025-07-11 01:07:09,689 - ERROR - Wind direction error: [Errno 5] Input/output error
2025-07-11 01:07:09,689 - ERROR - Rainfall sensor error: [Errno 5] Input/output error
2025-07-11 01:07:10,689 - ERROR - Environment sensor error: [Errno 5] Input/output error
2025-07-11 01:07:10,689 - ERROR - UV sensor error: [Errno 5] Input/output error
2025-07-11 01:07:10,734 - ERROR - Wind speed error: [Errno 5] Input/output error
2025-07-11 01:07:10,734 - ERROR - Wind direction error: [Errno 5] Input/output error
2025-07-11 01:07:10,734 - ERROR - Rainfall sensor error: [Errno 5] Input/output error
2025-07-11 01:07:10,767 - INFO - Switched to GUI-1 (Next toggle in 10s
2025-07-11 01:07:11,734 - ERROR - Environment sensor error: [Errno 5] Input/output error
2025-07-11 01:07:11,735 - ERROR - UV sensor error: [Errno 5] Input/output error
2025-07-11 01:07:11,780 - ERROR - Wind speed error: [Errno 5] Input/output error
2025-07-11 01:07:11,780 - ERROR - Wind direction error: [Errno 5] Input/output error
2025-07-11 01:07:11,780 - ERROR - Rainfall sensor error: [Errno 5] Input/output error
2025-07-11 01:07:12,781 - ERROR - Environment sensor error: [Errno 5] Input/output error
2025-07-11 01:07:12,781 - ERROR - UV sensor error: [Errno 5] Input/output error
2025-07-11 01:07:12,826 - ERROR - Wind speed error: [Errno 5] Input/output error
2025-07-11 01:07:12,826 - ERROR - Wind direction error: [Errno 5] Input/output error
2025-07-11 01:07:12,826 - ERROR - Rainfall sensor error: [Errno 5] Input/output error
2025-07-11 01:07:13,826 - ERROR - Environment sensor error: [Errno 5] Input/output error
2025-07-11 01:07:13,826 - ERROR - UV sensor error: [Errno 5] Input/output error
2025-07-11 01:07:13,895 - ERROR - Wind speed error: [Errno 5] Input/output error
2025-07-11 01:07:13,895 - ERROR - Wind direction error: [Errno 5] Input/output error
2025-07-11 01:07:13,895 - ERROR - Rainfall sensor error: [Errno 5] Input/output error
2025-07-11 01:07:14,896 - ERROR - Environment sensor error: [Errno 5] Input/output error
2025-07-11 01:07:14,896 - ERROR - UV sensor error: [Errno 5] Input/output error
2025-07-11 01:07:14,941 - ERROR - Wind speed error: [Errno 5] Input/output error
2025-07-11 01:07:14,941 - ERROR - Wind direction error: [Errno 5] Input/output error
2025-07-11 01:07:14,942 - ERROR - Rainfall sensor error: [Errno 5] Input/output error
2025-07-11 01:07:15,942 - ERROR - Environment sensor error: [Errno 5] Input/output error
2025-07-11 01:07:15,942 - ERROR - UV sensor error: [Errno 5] Input/output error
2025-07-11 01:07:15,987 - ERROR - Wind speed error: [Errno 5] Input/output error
2025-07-11 01:07:15,987 - ERROR - Wind direction error: [Errno 5] Input/output error
2025-07-11 01:07:15,987 - ERROR - Rainfall sensor error: [Errno 5] Input/output error
2025-07-11 01:07:16,987 - ERROR - Environment sensor error: [Errno 5] Input/output error
2025-07-11 01:07:16,988 - ERROR - UV sensor error: [Errno 5] Input/output error
2025-07-11 01:07:17,033 - ERROR - Wind speed error: [Errno 5] Input/output error
2025-07-11 01:07:17,033 - ERROR - Wind direction error: [Errno 5] Input/output error
2025-07-11 01:07:17,033 - ERROR - Rainfall sensor error: [Errno 5] Input/output error
2025-07-11 01:07:18,033 - ERROR - Environment sensor error: [Errno 5] Input/output error
2025-07-11 01:07:18,033 - ERROR - UV sensor error: [Errno 5] Input/output error
2025-07-11 01:07:18,079 - ERROR - Wind speed error: [Errno 5] Input/output error
2025-07-11 01:07:18,079 - ERROR - Wind direction error: [Errno 5] Input/output error
2025-07-11 01:07:18,079 - ERROR - Rainfall sensor error: [Errno 5] Input/output error
2025-07-11 01:07:19,079 - ERROR - Environment sensor error: [Errno 5] Input/output error
2025-07-11 01:07:19,079 - ERROR - UV sensor error: [Errno 5] Input/output error
2025-07-11 01:07:19,150 - ERROR - Wind speed error: [Errno 5] Input/output error
2025-07-11 01:07:19,150 - ERROR - Wind direction error: [Errno 5] Input/output error
2025-07-11 01:07:19,150 - ERROR - Rainfall sensor error: [Errno 5] Input/output error
2025-07-11 01:07:20,150 - ERROR - Environment sensor error: [Errno 5] Input/output error
2025-07-11 01:07:20,150 - ERROR - UV sensor error: [Errno 5] Input/output error
2025-07-11 01:07:20,221 - ERROR - Wind speed error: [Errno 5] Input/output error
2025-07-11 01:07:20,221 - ERROR - Wind direction error: [Errno 5] Input/output error
2025-07-11 01:07:20,221 - ERROR - Rainfall sensor error: [Errno 5] Input/output error
2025-07-11 01:07:20,767 - INFO - Switched to GUI-2 (Next toggle in 5s
2025-07-11 01:07:21,221 - ERROR - Environment sensor error: [Errno 5] Input/output error
2025-07-11 01:07:21,221 - ERROR - UV sensor error: [Errno 5] Input/output error
2025-07-11 01:07:21,267 - ERROR - Wind speed error: [Errno 5] Input/output error
2025-07-11 01:07:21,267 - ERROR - Wind direction error: [Errno 5] Input/output error
2025-07-11 01:07:21,267 - ERROR - Rainfall sensor error: [Errno 5] Input/output error
2025-07-11 01:07:22,268 - ERROR - Environment sensor error: [Errno 5] Input/output error
2025-07-11 01:07:22,268 - ERROR - UV sensor error: [Errno 5] Input/output error
2025-07-11 01:07:22,313 - ERROR - Wind speed error: [Errno 5] Input/output error
2025-07-11 01:07:22,313 - ERROR - Wind direction error: [Errno 5] Input/output error
2025-07-11 01:07:22,313 - ERROR - Rainfall sensor error: [Errno 5] Input/output error
2025-07-11 01:07:23,313 - ERROR - Environment sensor error: [Errno 5] Input/output error
2025-07-11 01:07:23,313 - ERROR - UV sensor error: [Errno 5] Input/output error
2025-07-11 01:07:23,359 - ERROR - Wind speed error: [Errno 5] Input/output error
2025-07-11 01:07:23,359 - ERROR - Wind direction error: [Errno 5] Input/output error
2025-07-11 01:07:23,359 - ERROR - Rainfall sensor error: [Errno 5] Input/output error
2025-07-11 01:07:24,359 - ERROR - Environment sensor error: [Errno 5] Input/output error
2025-07-11 01:07:24,359 - ERROR - UV sensor error: [Errno 5] Input/output error
2025-07-11 01:07:24,405 - ERROR - Wind speed error: [Errno 5] Input/output error
2025-07-11 01:07:24,405 - ERROR - Wind direction error: [Errno 5] Input/output error
2025-07-11 01:07:24,405 - ERROR - Rainfall sensor error: [Errno 5] Input/output error
2025-07-11 01:07:25,405 - ERROR - Environment sensor error: [Errno 5] Input/output error
2025-07-11 01:07:25,405 - ERROR - UV sensor error: [Errno 5] Input/output error
2025-07-11 01:07:25,475 - ERROR - Wind speed error: [Errno 5] Input/output error
2025-07-11 01:07:25,476 - ERROR - Wind direction error: [Errno 5] Input/output error
2025-07-11 01:07:25,476 - ERROR - Rainfall sensor error: [Errno 5] Input/output error
2025-07-11 01:07:25,767 - INFO - Switched to GUI-1 (Next toggle in 10s
2025-07-11 01:07:26,476 - ERROR - Environment sensor error: [Errno 5] Input/output error
2025-07-11 01:07:26,476 - ERROR - UV sensor error: [Errno 5] Input/output error
2025-07-11 01:07:26,522 - ERROR - Wind speed error: [Errno 5] Input/output error
2025-07-11 01:07:26,522 - ERROR - Wind direction error: [Errno 5] Input/output error
2025-07-11 01:07:26,522 - ERROR - Rainfall sensor error: [Errno 5] Input/output error
2025-07-11 01:07:27,522 - ERROR - Environment sensor error: [Errno 5] Input/output error
2025-07-11 01:07:27,522 - ERROR - UV sensor error: [Errno 5] Input/output error
2025-07-11 01:07:27,568 - ERROR - Wind speed error: [Errno 5] Input/output error
2025-07-11 01:07:27,568 - ERROR - Wind direction error: [Errno 5] Input/output error
2025-07-11 01:07:27,568 - ERROR - Rainfall sensor error: [Errno 5] Input/output error
2025-07-11 01:07:28,568 - ERROR - Environment sensor error: [Errno 5] Input/output error
2025-07-11 01:07:28,568 - ERROR - UV sensor error: [Errno 5] Input/output error
2025-07-11 01:07:28,613 - ERROR - Wind speed error: [Errno 5] Input/output error
2025-07-11 01:07:28,614 - ERROR - Wind direction error: [Errno 5] Input/output error
2025-07-11 01:07:28,614 - ERROR - Rainfall sensor error: [Errno 5] Input/output error
2025-07-11 01:07:29,614 - ERROR - Environment sensor error: [Errno 5] Input/output error
2025-07-11 01:07:29,614 - ERROR - UV sensor error: [Errno 5] Input/output error
2025-07-11 01:07:29,659 - ERROR - Wind speed error: [Errno 5] Input/output error
2025-07-11 01:07:29,659 - ERROR - Wind direction error: [Errno 5] Input/output error
2025-07-11 01:07:29,659 - ERROR - Rainfall sensor error: [Errno 5] Input/output error
2025-07-11 01:07:30,659 - ERROR - Environment sensor error: [Errno 5] Input/output error
2025-07-11 01:07:30,659 - ERROR - UV sensor error: [Errno 5] Input/output error
2025-07-11 01:07:30,729 - ERROR - Wind speed error: [Errno 5] Input/output error
2025-07-11 01:07:30,730 - ERROR - Wind direction error: [Errno 5] Input/output error
2025-07-11 01:07:30,730 - ERROR - Rainfall sensor error: [Errno 5] Input/output error
2025-07-11 01:07:31,730 - ERROR - Environment sensor error: [Errno 5] Input/output error
2025-07-11 01:07:31,730 - ERROR - UV sensor error: [Errno 5] Input/output error
2025-07-11 01:07:31,794 - ERROR - Wind speed error: [Errno 5] Input/output error
2025-07-11 01:07:31,794 - ERROR - Wind direction error: [Errno 5] Input/output error
2025-07-11 01:07:31,794 - ERROR - Rainfall sensor error: [Errno 5] Input/output error
2025-07-11 01:07:32,795 - ERROR - Environment sensor error: [Errno 5] Input/output error
2025-07-11 01:07:32,795 - ERROR - UV sensor error: [Errno 5] Input/output error
2025-07-11 01:07:32,865 - ERROR - Wind speed error: [Errno 5] Input/output error
2025-07-11 01:07:32,866 - ERROR - Wind direction error: [Errno 5] Input/output error
2025-07-11 01:07:32,866 - ERROR - Rainfall sensor error: [Errno 5] Input/output error
2025-07-11 01:07:33,866 - ERROR - Environment sensor error: [Errno 5] Input/output error
2025-07-11 01:07:33,866 - ERROR - UV sensor error: [Errno 5] Input/output error
2025-07-11 01:07:33,937 - ERROR - Wind speed error: [Errno 5] Input/output error
2025-07-11 01:07:33,937 - ERROR - Wind direction error: [Errno 5] Input/output error
2025-07-11 01:07:33,937 - ERROR - Rainfall sensor error: [Errno 5] Input/output error
2025-07-11 01:07:34,937 - ERROR - Environment sensor error: [Errno 5] Input/output error
2025-07-11 01:07:34,937 - ERROR - UV sensor error: [Errno 5] Input/output error
2025-07-11 01:07:34,982 - ERROR - Wind speed error: [Errno 5] Input/output error
2025-07-11 01:07:34,982 - ERROR - Wind direction error: [Errno 5] Input/output error
2025-07-11 01:07:34,982 - ERROR - Rainfall sensor error: [Errno 5] Input/output error
2025-07-11 01:07:35,530 - INFO - CSV write completed at 2025-07-11T01:07:35.530591
2025-07-11 01:07:35,768 - INFO - Switched to GUI-2 (Next toggle in 5s
2025-07-11 01:07:35,982 - ERROR - Environment sensor error: [Errno 5] Input/output error
2025-07-11 01:07:35,983 - ERROR - UV sensor error: [Errno 5] Input/output error
2025-07-11 01:07:36,028 - ERROR - Wind speed error: [Errno 5] Input/output error
2025-07-11 01:07:36,028 - ERROR - Wind direction error: [Errno 5] Input/output error
2025-07-11 01:07:36,028 - ERROR - Rainfall sensor error: [Errno 5] Input/output error
2025-07-11 01:07:37,028 - ERROR - Environment sensor error: [Errno 5] Input/output error
2025-07-11 01:07:37,029 - ERROR - UV sensor error: [Errno 5] Input/output error
2025-07-11 01:07:37,074 - ERROR - Wind speed error: [Errno 5] Input/output error
2025-07-11 01:07:37,074 - ERROR - Wind direction error: [Errno 5] Input/output error
2025-07-11 01:07:37,074 - ERROR - Rainfall sensor error: [Errno 5] Input/output error
2025-07-11 01:07:38,074 - ERROR - Environment sensor error: [Errno 5] Input/output error
2025-07-11 01:07:38,075 - ERROR - UV sensor error: [Errno 5] Input/output error
2025-07-11 01:07:38,120 - ERROR - Wind speed error: [Errno 5] Input/output error
2025-07-11 01:07:38,120 - ERROR - Wind direction error: [Errno 5] Input/output error
2025-07-11 01:07:38,120 - ERROR - Rainfall sensor error: [Errno 5] Input/output error
2025-07-11 01:07:39,120 - ERROR - Environment sensor error: [Errno 5] Input/output error
2025-07-11 01:07:39,120 - ERROR - UV sensor error: [Errno 5] Input/output error
2025-07-11 01:07:39,166 - ERROR - Wind speed error: [Errno 5] Input/output error
2025-07-11 01:07:39,166 - ERROR - Wind direction error: [Errno 5] Input/output error
2025-07-11 01:07:39,166 - ERROR - Rainfall sensor error: [Errno 5] Input/output error
2025-07-11 01:07:40,166 - ERROR - Environment sensor error: [Errno 5] Input/output error
2025-07-11 01:07:40,166 - ERROR - UV sensor error: [Errno 5] Input/output error
2025-07-11 01:07:40,211 - ERROR - Wind speed error: [Errno 5] Input/output error
2025-07-11 01:07:40,212 - ERROR - Wind direction error: [Errno 5] Input/output error
2025-07-11 01:07:40,212 - ERROR - Rainfall sensor error: [Errno 5] Input/output error
2025-07-11 01:07:40,768 - INFO - Switched to GUI-1 (Next toggle in 10s
2025-07-11 01:07:41,212 - ERROR - Environment sensor error: [Errno 5] Input/output error
2025-07-11 01:07:41,212 - ERROR - UV sensor error: [Errno 5] Input/output error
2025-07-11 01:07:41,258 - ERROR - Wind speed error: [Errno 5] Input/output error
2025-07-11 01:07:41,258 - ERROR - Wind direction error: [Errno 5] Input/output error
2025-07-11 01:07:41,258 - ERROR - Rainfall sensor error: [Errno 5] Input/output error
2025-07-11 01:07:42,258 - ERROR - Environment sensor error: [Errno 5] Input/output error
2025-07-11 01:07:42,258 - ERROR - UV sensor error: [Errno 5] Input/output error
2025-07-11 01:07:42,304 - ERROR - Wind speed error: [Errno 5] Input/output error
2025-07-11 01:07:42,304 - ERROR - Wind direction error: [Errno 5] Input/output error
2025-07-11 01:07:42,304 - ERROR - Rainfall sensor error: [Errno 5] Input/output error
2025-07-11 01:07:43,304 - ERROR - Environment sensor error: [Errno 5] Input/output error
2025-07-11 01:07:43,304 - ERROR - UV sensor error: [Errno 5] Input/output error
2025-07-11 01:07:43,349 - ERROR - Wind speed error: [Errno 5] Input/output error
2025-07-11 01:07:43,349 - ERROR - Wind direction error: [Errno 5] Input/output error
2025-07-11 01:07:43,349 - ERROR - Rainfall sensor error: [Errno 5] Input/output error
2025-07-11 01:07:44,349 - ERROR - Environment sensor error: [Errno 5] Input/output error
2025-07-11 01:07:44,350 - ERROR - UV sensor error: [Errno 5] Input/output error
2025-07-11 01:07:44,420 - ERROR - Wind speed error: [Errno 5] Input/output error
2025-07-11 01:07:44,421 - ERROR - Wind direction error: [Errno 5] Input/output error
2025-07-11 01:07:44,421 - ERROR - Rainfall sensor error: [Errno 5] Input/output error
2025-07-11 01:07:45,421 - ERROR - Environment sensor error: [Errno 5] Input/output error
2025-07-11 01:07:45,421 - ERROR - UV sensor error: [Errno 5] Input/output error
2025-07-11 01:07:45,491 - ERROR - Wind speed error: [Errno 5] Input/output error
2025-07-11 01:07:45,491 - ERROR - Wind direction error: [Errno 5] Input/output error
2025-07-11 01:07:45,492 - ERROR - Rainfall sensor error: [Errno 5] Input/output error
2025-07-11 01:07:46,492 - ERROR - Environment sensor error: [Errno 5] Input/output error
2025-07-11 01:07:46,492 - ERROR - UV sensor error: [Errno 5] Input/output error
2025-07-11 01:07:46,537 - ERROR - Wind speed error: [Errno 5] Input/output error
2025-07-11 01:07:46,537 - ERROR - Wind direction error: [Errno 5] Input/output error
2025-07-11 01:07:46,537 - ERROR - Rainfall sensor error: [Errno 5] Input/output error
2025-07-11 01:07:47,537 - ERROR - Environment sensor error: [Errno 5] Input/output error
2025-07-11 01:07:47,537 - ERROR - UV sensor error: [Errno 5] Input/output error
2025-07-11 01:07:47,583 - ERROR - Wind speed error: [Errno 5] Input/output error
2025-07-11 01:07:47,583 - ERROR - Wind direction error: [Errno 5] Input/output error
2025-07-11 01:07:47,583 - ERROR - Rainfall sensor error: [Errno 5] Input/output error
2025-07-11 01:07:48,583 - ERROR - Environment sensor error: [Errno 5] Input/output error
2025-07-11 01:07:48,583 - ERROR - UV sensor error: [Errno 5] Input/output error
2025-07-11 01:07:48,628 - ERROR - Wind speed error: [Errno 5] Input/output error
2025-07-11 01:07:48,628 - ERROR - Wind direction error: [Errno 5] Input/output error
2025-07-11 01:07:48,628 - ERROR - Rainfall sensor error: [Errno 5] Input/output error
2025-07-11 01:07:49,629 - ERROR - Environment sensor error: [Errno 5] Input/output error
2025-07-11 01:07:49,629 - ERROR - UV sensor error: [Errno 5] Input/output error
2025-07-11 01:07:49,674 - ERROR - Wind speed error: [Errno 5] Input/output error
2025-07-11 01:07:49,674 - ERROR - Wind direction error: [Errno 5] Input/output error
2025-07-11 01:07:49,674 - ERROR - Rainfall sensor error: [Errno 5] Input/output error
2025-07-11 01:07:50,674 - ERROR - Environment sensor error: [Errno 5] Input/output error
2025-07-11 01:07:50,674 - ERROR - UV sensor error: [Errno 5] Input/output error
2025-07-11 01:07:50,719 - ERROR - Wind speed error: [Errno 5] Input/output error
2025-07-11 01:07:50,719 - ERROR - Wind direction error: [Errno 5] Input/output error
2025-07-11 01:07:50,719 - ERROR - Rainfall sensor error: [Errno 5] Input/output error
2025-07-11 01:07:50,768 - INFO - Switched to GUI-2 (Next toggle in 5s
2025-07-11 01:07:51,720 - ERROR - Environment sensor error: [Errno 5] Input/output error
2025-07-11 01:07:51,720 - ERROR - UV sensor error: [Errno 5] Input/output error
2025-07-11 01:07:51,765 - ERROR - Wind speed error: [Errno 5] Input/output error
2025-07-11 01:07:51,765 - ERROR - Wind direction error: [Errno 5] Input/output error
2025-07-11 01:07:51,765 - ERROR - Rainfall sensor error: [Errno 5] Input/output error
2025-07-11 01:07:52,766 - ERROR - Environment sensor error: [Errno 5] Input/output error
2025-07-11 01:07:52,766 - ERROR - UV sensor error: [Errno 5] Input/output error
2025-07-11 01:07:52,811 - ERROR - Wind speed error: [Errno 5] Input/output error
2025-07-11 01:07:52,811 - ERROR - Wind direction error: [Errno 5] Input/output error
2025-07-11 01:07:52,811 - ERROR - Rainfall sensor error: [Errno 5] Input/output error
2025-07-11 01:07:53,811 - ERROR - Environment sensor error: [Errno 5] Input/output error
2025-07-11 01:07:53,811 - ERROR - UV sensor error: [Errno 5] Input/output error
2025-07-11 01:07:53,857 - ERROR - Wind speed error: [Errno 5] Input/output error
2025-07-11 01:07:53,857 - ERROR - Wind direction error: [Errno 5] Input/output error
2025-07-11 01:07:53,857 - ERROR - Rainfall sensor error: [Errno 5] Input/output error
2025-07-11 01:07:54,857 - ERROR - Environment sensor error: [Errno 5] Input/output error
2025-07-11 01:07:54,857 - ERROR - UV sensor error: [Errno 5] Input/output error
2025-07-11 01:07:54,903 - ERROR - Wind speed error: [Errno 5] Input/output error
2025-07-11 01:07:54,903 - ERROR - Wind direction error: [Errno 5] Input/output error
2025-07-11 01:07:54,903 - ERROR - Rainfall sensor error: [Errno 5] Input/output error
2025-07-11 01:07:55,768 - INFO - Switched to GUI-1 (Next toggle in 10s
2025-07-11 01:07:55,903 - ERROR - Environment sensor error: [Errno 5] Input/output error
2025-07-11 01:07:55,904 - ERROR - UV sensor error: [Errno 5] Input/output error
2025-07-11 01:07:55,966 - ERROR - Wind speed error: [Errno 5] Input/output error
2025-07-11 01:07:55,966 - ERROR - Wind direction error: [Errno 5] Input/output error
2025-07-11 01:07:55,966 - ERROR - Rainfall sensor error: [Errno 5] Input/output error
2025-07-11 01:07:56,967 - ERROR - Environment sensor error: [Errno 5] Input/output error
2025-07-11 01:07:56,967 - ERROR - UV sensor error: [Errno 5] Input/output error
2025-07-11 01:07:57,034 - ERROR - Wind speed error: [Errno 5] Input/output error
2025-07-11 01:07:57,034 - ERROR - Wind direction error: [Errno 5] Input/output error
2025-07-11 01:07:57,034 - ERROR - Rainfall sensor error: [Errno 5] Input/output error
2025-07-11 01:07:58,034 - ERROR - Environment sensor error: [Errno 5] Input/output error
2025-07-11 01:07:58,034 - ERROR - UV sensor error: [Errno 5] Input/output error
2025-07-11 01:07:58,100 - ERROR - Wind speed error: [Errno 5] Input/output error
2025-07-11 01:07:58,100 - ERROR - Wind direction error: [Errno 5] Input/output error
2025-07-11 01:07:58,101 - ERROR - Rainfall sensor error: [Errno 5] Input/output error
2025-07-11 01:07:59,101 - ERROR - Environment sensor error: [Errno 5] Input/output error
2025-07-11 01:07:59,101 - ERROR - UV sensor error: [Errno 5] Input/output error
2025-07-11 01:07:59,167 - ERROR - Wind speed error: [Errno 5] Input/output error
2025-07-11 01:07:59,167 - ERROR - Wind direction error: [Errno 5] Input/output error
2025-07-11 01:07:59,167 - ERROR - Rainfall sensor error: [Errno 5] Input/output error
2025-07-11 01:08:00,167 - ERROR - Environment sensor error: [Errno 5] Input/output error
2025-07-11 01:08:00,167 - ERROR - UV sensor error: [Errno 5] Input/output error
2025-07-11 01:08:00,238 - ERROR - Wind speed error: [Errno 5] Input/output error
2025-07-11 01:08:00,238 - ERROR - Wind direction error: [Errno 5] Input/output error
2025-07-11 01:08:00,239 - ERROR - Rainfall sensor error: [Errno 5] Input/output error
                                                                                         2025-07-11 01:07:29,309 - INFO - Weather Station System Initialized
2025-07-11 01:07:37,136 - ERROR - Modbus connection failed
2025-07-11 01:07:37,136 - INFO - CSV writer thread started. Output directory: /home/asif/Desktop/unified_creek_awos/csv_data
2025-07-11 01:07:37,136 - ERROR - Error updating display: 'day'
2025-07-11 01:07:37,143 - INFO - Switched to GUI-2 (Next toggle in 5s
2025-07-11 01:07:42,143 - INFO - Switched to GUI-1 (Next toggle in 10s
2025-07-12 08:00:43,591 - INFO - Switched to GUI-2 (Next toggle in 5s
